Archive member included to satisfy reference by file (symbol)

c:/st/stm32cubeide_1.11.0/stm32cubeide/plugins/com.st.stm32cube.ide.mcu.externaltools.gnu-tools-for-stm32.10.3-2021.10.win32_1.0.100.202210260954/tools/bin/../lib/gcc/arm-none-eabi/10.3.1/../../../../arm-none-eabi/lib/thumb/v7e-m+fp/hard\libc_nano.a(lib_a-errno.o)
                              ./Src/syscalls.o (__errno)
c:/st/stm32cubeide_1.11.0/stm32cubeide/plugins/com.st.stm32cube.ide.mcu.externaltools.gnu-tools-for-stm32.10.3-2021.10.win32_1.0.100.202210260954/tools/bin/../lib/gcc/arm-none-eabi/10.3.1/../../../../arm-none-eabi/lib/thumb/v7e-m+fp/hard\libc_nano.a(lib_a-exit.o)
                              c:/st/stm32cubeide_1.11.0/stm32cubeide/plugins/com.st.stm32cube.ide.mcu.externaltools.gnu-tools-for-stm32.10.3-2021.10.win32_1.0.100.202210260954/tools/bin/../lib/gcc/arm-none-eabi/10.3.1/../../../../arm-none-eabi/lib/thumb/v7e-m+fp/hard/crt0.o (exit)
c:/st/stm32cubeide_1.11.0/stm32cubeide/plugins/com.st.stm32cube.ide.mcu.externaltools.gnu-tools-for-stm32.10.3-2021.10.win32_1.0.100.202210260954/tools/bin/../lib/gcc/arm-none-eabi/10.3.1/../../../../arm-none-eabi/lib/thumb/v7e-m+fp/hard\libc_nano.a(lib_a-impure.o)
                              c:/st/stm32cubeide_1.11.0/stm32cubeide/plugins/com.st.stm32cube.ide.mcu.externaltools.gnu-tools-for-stm32.10.3-2021.10.win32_1.0.100.202210260954/tools/bin/../lib/gcc/arm-none-eabi/10.3.1/../../../../arm-none-eabi/lib/thumb/v7e-m+fp/hard\libc_nano.a(lib_a-exit.o) (_global_impure_ptr)
c:/st/stm32cubeide_1.11.0/stm32cubeide/plugins/com.st.stm32cube.ide.mcu.externaltools.gnu-tools-for-stm32.10.3-2021.10.win32_1.0.100.202210260954/tools/bin/../lib/gcc/arm-none-eabi/10.3.1/../../../../arm-none-eabi/lib/thumb/v7e-m+fp/hard\libc_nano.a(lib_a-init.o)
                              c:/st/stm32cubeide_1.11.0/stm32cubeide/plugins/com.st.stm32cube.ide.mcu.externaltools.gnu-tools-for-stm32.10.3-2021.10.win32_1.0.100.202210260954/tools/bin/../lib/gcc/arm-none-eabi/10.3.1/../../../../arm-none-eabi/lib/thumb/v7e-m+fp/hard/crt0.o (__libc_init_array)
c:/st/stm32cubeide_1.11.0/stm32cubeide/plugins/com.st.stm32cube.ide.mcu.externaltools.gnu-tools-for-stm32.10.3-2021.10.win32_1.0.100.202210260954/tools/bin/../lib/gcc/arm-none-eabi/10.3.1/../../../../arm-none-eabi/lib/thumb/v7e-m+fp/hard\libc_nano.a(lib_a-memset.o)
                              c:/st/stm32cubeide_1.11.0/stm32cubeide/plugins/com.st.stm32cube.ide.mcu.externaltools.gnu-tools-for-stm32.10.3-2021.10.win32_1.0.100.202210260954/tools/bin/../lib/gcc/arm-none-eabi/10.3.1/../../../../arm-none-eabi/lib/thumb/v7e-m+fp/hard/crt0.o (memset)

Discarded input sections

 .text          0x0000000000000000        0x0 c:/st/stm32cubeide_1.11.0/stm32cubeide/plugins/com.st.stm32cube.ide.mcu.externaltools.gnu-tools-for-stm32.10.3-2021.10.win32_1.0.100.202210260954/tools/bin/../lib/gcc/arm-none-eabi/10.3.1/thumb/v7e-m+fp/hard/crti.o
 .data          0x0000000000000000        0x0 c:/st/stm32cubeide_1.11.0/stm32cubeide/plugins/com.st.stm32cube.ide.mcu.externaltools.gnu-tools-for-stm32.10.3-2021.10.win32_1.0.100.202210260954/tools/bin/../lib/gcc/arm-none-eabi/10.3.1/thumb/v7e-m+fp/hard/crti.o
 .bss           0x0000000000000000        0x0 c:/st/stm32cubeide_1.11.0/stm32cubeide/plugins/com.st.stm32cube.ide.mcu.externaltools.gnu-tools-for-stm32.10.3-2021.10.win32_1.0.100.202210260954/tools/bin/../lib/gcc/arm-none-eabi/10.3.1/thumb/v7e-m+fp/hard/crti.o
 .data          0x0000000000000000        0x4 c:/st/stm32cubeide_1.11.0/stm32cubeide/plugins/com.st.stm32cube.ide.mcu.externaltools.gnu-tools-for-stm32.10.3-2021.10.win32_1.0.100.202210260954/tools/bin/../lib/gcc/arm-none-eabi/10.3.1/thumb/v7e-m+fp/hard/crtbegin.o
 .rodata        0x0000000000000000       0x24 c:/st/stm32cubeide_1.11.0/stm32cubeide/plugins/com.st.stm32cube.ide.mcu.externaltools.gnu-tools-for-stm32.10.3-2021.10.win32_1.0.100.202210260954/tools/bin/../lib/gcc/arm-none-eabi/10.3.1/thumb/v7e-m+fp/hard/crtbegin.o
 .text          0x0000000000000000       0x7c c:/st/stm32cubeide_1.11.0/stm32cubeide/plugins/com.st.stm32cube.ide.mcu.externaltools.gnu-tools-for-stm32.10.3-2021.10.win32_1.0.100.202210260954/tools/bin/../lib/gcc/arm-none-eabi/10.3.1/../../../../arm-none-eabi/lib/thumb/v7e-m+fp/hard/crt0.o
 .data          0x0000000000000000        0x0 c:/st/stm32cubeide_1.11.0/stm32cubeide/plugins/com.st.stm32cube.ide.mcu.externaltools.gnu-tools-for-stm32.10.3-2021.10.win32_1.0.100.202210260954/tools/bin/../lib/gcc/arm-none-eabi/10.3.1/../../../../arm-none-eabi/lib/thumb/v7e-m+fp/hard/crt0.o
 .bss           0x0000000000000000        0x0 c:/st/stm32cubeide_1.11.0/stm32cubeide/plugins/com.st.stm32cube.ide.mcu.externaltools.gnu-tools-for-stm32.10.3-2021.10.win32_1.0.100.202210260954/tools/bin/../lib/gcc/arm-none-eabi/10.3.1/../../../../arm-none-eabi/lib/thumb/v7e-m+fp/hard/crt0.o
 .ARM.extab     0x0000000000000000        0x0 c:/st/stm32cubeide_1.11.0/stm32cubeide/plugins/com.st.stm32cube.ide.mcu.externaltools.gnu-tools-for-stm32.10.3-2021.10.win32_1.0.100.202210260954/tools/bin/../lib/gcc/arm-none-eabi/10.3.1/../../../../arm-none-eabi/lib/thumb/v7e-m+fp/hard/crt0.o
 .ARM.exidx     0x0000000000000000       0x10 c:/st/stm32cubeide_1.11.0/stm32cubeide/plugins/com.st.stm32cube.ide.mcu.externaltools.gnu-tools-for-stm32.10.3-2021.10.win32_1.0.100.202210260954/tools/bin/../lib/gcc/arm-none-eabi/10.3.1/../../../../arm-none-eabi/lib/thumb/v7e-m+fp/hard/crt0.o
 .ARM.attributes
                0x0000000000000000       0x1c c:/st/stm32cubeide_1.11.0/stm32cubeide/plugins/com.st.stm32cube.ide.mcu.externaltools.gnu-tools-for-stm32.10.3-2021.10.win32_1.0.100.202210260954/tools/bin/../lib/gcc/arm-none-eabi/10.3.1/../../../../arm-none-eabi/lib/thumb/v7e-m+fp/hard/crt0.o
 .group         0x0000000000000000        0xc ./MyDrivers/Src/EXTI.o
 .group         0x0000000000000000        0xc ./MyDrivers/Src/EXTI.o
 .group         0x0000000000000000        0xc ./MyDrivers/Src/EXTI.o
 .group         0x0000000000000000        0xc ./MyDrivers/Src/EXTI.o
 .group         0x0000000000000000        0xc ./MyDrivers/Src/EXTI.o
 .group         0x0000000000000000        0xc ./MyDrivers/Src/EXTI.o
 .group         0x0000000000000000        0xc ./MyDrivers/Src/EXTI.o
 .group         0x0000000000000000        0xc ./MyDrivers/Src/EXTI.o
 .group         0x0000000000000000        0xc ./MyDrivers/Src/EXTI.o
 .group         0x0000000000000000        0xc ./MyDrivers/Src/EXTI.o
 .group         0x0000000000000000        0xc ./MyDrivers/Src/EXTI.o
 .group         0x0000000000000000        0xc ./MyDrivers/Src/EXTI.o
 .group         0x0000000000000000        0xc ./MyDrivers/Src/EXTI.o
 .group         0x0000000000000000        0xc ./MyDrivers/Src/EXTI.o
 .group         0x0000000000000000        0xc ./MyDrivers/Src/EXTI.o
 .group         0x0000000000000000        0xc ./MyDrivers/Src/EXTI.o
 .group         0x0000000000000000        0xc ./MyDrivers/Src/EXTI.o
 .group         0x0000000000000000        0xc ./MyDrivers/Src/EXTI.o
 .group         0x0000000000000000        0xc ./MyDrivers/Src/EXTI.o
 .group         0x0000000000000000        0xc ./MyDrivers/Src/EXTI.o
 .group         0x0000000000000000        0xc ./MyDrivers/Src/EXTI.o
 .group         0x0000000000000000        0xc ./MyDrivers/Src/EXTI.o
 .group         0x0000000000000000        0xc ./MyDrivers/Src/EXTI.o
 .group         0x0000000000000000        0xc ./MyDrivers/Src/EXTI.o
 .group         0x0000000000000000        0xc ./MyDrivers/Src/EXTI.o
 .group         0x0000000000000000        0xc ./MyDrivers/Src/EXTI.o
 .group         0x0000000000000000        0xc ./MyDrivers/Src/EXTI.o
 .group         0x0000000000000000        0xc ./MyDrivers/Src/EXTI.o
 .group         0x0000000000000000        0xc ./MyDrivers/Src/EXTI.o
 .group         0x0000000000000000        0xc ./MyDrivers/Src/EXTI.o
 .text          0x0000000000000000        0x0 ./MyDrivers/Src/EXTI.o
 .data          0x0000000000000000        0x0 ./MyDrivers/Src/EXTI.o
 .bss           0x0000000000000000        0x0 ./MyDrivers/Src/EXTI.o
 .group         0x0000000000000000        0xc ./MyDrivers/Src/GPIO.o
 .group         0x0000000000000000        0xc ./MyDrivers/Src/GPIO.o
 .group         0x0000000000000000        0xc ./MyDrivers/Src/GPIO.o
 .group         0x0000000000000000        0xc ./MyDrivers/Src/GPIO.o
 .group         0x0000000000000000        0xc ./MyDrivers/Src/GPIO.o
 .group         0x0000000000000000        0xc ./MyDrivers/Src/GPIO.o
 .group         0x0000000000000000        0xc ./MyDrivers/Src/GPIO.o
 .group         0x0000000000000000        0xc ./MyDrivers/Src/GPIO.o
 .group         0x0000000000000000        0xc ./MyDrivers/Src/GPIO.o
 .group         0x0000000000000000        0xc ./MyDrivers/Src/GPIO.o
 .group         0x0000000000000000        0xc ./MyDrivers/Src/GPIO.o
 .group         0x0000000000000000        0xc ./MyDrivers/Src/GPIO.o
 .group         0x0000000000000000        0xc ./MyDrivers/Src/GPIO.o
 .group         0x0000000000000000        0xc ./MyDrivers/Src/GPIO.o
 .group         0x0000000000000000        0xc ./MyDrivers/Src/GPIO.o
 .group         0x0000000000000000        0xc ./MyDrivers/Src/GPIO.o
 .group         0x0000000000000000        0xc ./MyDrivers/Src/GPIO.o
 .group         0x0000000000000000        0xc ./MyDrivers/Src/GPIO.o
 .group         0x0000000000000000        0xc ./MyDrivers/Src/GPIO.o
 .group         0x0000000000000000        0xc ./MyDrivers/Src/GPIO.o
 .group         0x0000000000000000        0xc ./MyDrivers/Src/GPIO.o
 .group         0x0000000000000000        0xc ./MyDrivers/Src/GPIO.o
 .group         0x0000000000000000        0xc ./MyDrivers/Src/GPIO.o
 .group         0x0000000000000000        0xc ./MyDrivers/Src/GPIO.o
 .group         0x0000000000000000        0xc ./MyDrivers/Src/GPIO.o
 .group         0x0000000000000000        0xc ./MyDrivers/Src/GPIO.o
 .group         0x0000000000000000        0xc ./MyDrivers/Src/GPIO.o
 .group         0x0000000000000000        0xc ./MyDrivers/Src/GPIO.o
 .group         0x0000000000000000        0xc ./MyDrivers/Src/GPIO.o
 .group         0x0000000000000000        0xc ./MyDrivers/Src/GPIO.o
 .group         0x0000000000000000        0xc ./MyDrivers/Src/GPIO.o
 .text          0x0000000000000000        0x0 ./MyDrivers/Src/GPIO.o
 .data          0x0000000000000000        0x0 ./MyDrivers/Src/GPIO.o
 .bss           0x0000000000000000        0x0 ./MyDrivers/Src/GPIO.o
 .text.GPIO_ReadPin
                0x0000000000000000       0x2e ./MyDrivers/Src/GPIO.o
 .text.GPIO_LockPin
                0x0000000000000000       0x38 ./MyDrivers/Src/GPIO.o
 .text.GPIO_TogglePin
                0x0000000000000000       0x34 ./MyDrivers/Src/GPIO.o
 .debug_macro   0x0000000000000000      0xa84 ./MyDrivers/Src/GPIO.o
 .debug_macro   0x0000000000000000       0x22 ./MyDrivers/Src/GPIO.o
 .debug_macro   0x0000000000000000       0x8e ./MyDrivers/Src/GPIO.o
 .debug_macro   0x0000000000000000       0x51 ./MyDrivers/Src/GPIO.o
 .debug_macro   0x0000000000000000      0x103 ./MyDrivers/Src/GPIO.o
 .debug_macro   0x0000000000000000       0x6a ./MyDrivers/Src/GPIO.o
 .debug_macro   0x0000000000000000      0x1df ./MyDrivers/Src/GPIO.o
 .debug_macro   0x0000000000000000       0x52 ./MyDrivers/Src/GPIO.o
 .debug_macro   0x0000000000000000       0x1e ./MyDrivers/Src/GPIO.o
 .debug_macro   0x0000000000000000       0x3c ./MyDrivers/Src/GPIO.o
 .debug_macro   0x0000000000000000       0x34 ./MyDrivers/Src/GPIO.o
 .debug_macro   0x0000000000000000      0x174 ./MyDrivers/Src/GPIO.o
 .debug_macro   0x0000000000000000       0x16 ./MyDrivers/Src/GPIO.o
 .debug_macro   0x0000000000000000       0x43 ./MyDrivers/Src/GPIO.o
 .debug_macro   0x0000000000000000       0x34 ./MyDrivers/Src/GPIO.o
 .debug_macro   0x0000000000000000       0x10 ./MyDrivers/Src/GPIO.o
 .debug_macro   0x0000000000000000       0x58 ./MyDrivers/Src/GPIO.o
 .debug_macro   0x0000000000000000       0x71 ./MyDrivers/Src/GPIO.o
 .debug_macro   0x0000000000000000       0x1c ./MyDrivers/Src/GPIO.o
 .debug_macro   0x0000000000000000      0x12a ./MyDrivers/Src/GPIO.o
 .debug_macro   0x0000000000000000      0x341 ./MyDrivers/Src/GPIO.o
 .debug_macro   0x0000000000000000       0x10 ./MyDrivers/Src/GPIO.o
 .debug_macro   0x0000000000000000       0x35 ./MyDrivers/Src/GPIO.o
 .debug_macro   0x0000000000000000       0x20 ./MyDrivers/Src/GPIO.o
 .debug_macro   0x0000000000000000       0x6a ./MyDrivers/Src/GPIO.o
 .debug_macro   0x0000000000000000       0xb2 ./MyDrivers/Src/GPIO.o
 .debug_macro   0x0000000000000000       0x9a ./MyDrivers/Src/GPIO.o
 .debug_macro   0x0000000000000000       0x58 ./MyDrivers/Src/GPIO.o
 .group         0x0000000000000000        0xc ./MyDrivers/Src/I2C.o
 .group         0x0000000000000000        0xc ./MyDrivers/Src/I2C.o
 .group         0x0000000000000000        0xc ./MyDrivers/Src/I2C.o
 .group         0x0000000000000000        0xc ./MyDrivers/Src/I2C.o
 .group         0x0000000000000000        0xc ./MyDrivers/Src/I2C.o
 .group         0x0000000000000000        0xc ./MyDrivers/Src/I2C.o
 .group         0x0000000000000000        0xc ./MyDrivers/Src/I2C.o
 .group         0x0000000000000000        0xc ./MyDrivers/Src/I2C.o
 .group         0x0000000000000000        0xc ./MyDrivers/Src/I2C.o
 .group         0x0000000000000000        0xc ./MyDrivers/Src/I2C.o
 .group         0x0000000000000000        0xc ./MyDrivers/Src/I2C.o
 .group         0x0000000000000000        0xc ./MyDrivers/Src/I2C.o
 .group         0x0000000000000000        0xc ./MyDrivers/Src/I2C.o
 .group         0x0000000000000000        0xc ./MyDrivers/Src/I2C.o
 .group         0x0000000000000000        0xc ./MyDrivers/Src/I2C.o
 .group         0x0000000000000000        0xc ./MyDrivers/Src/I2C.o
 .group         0x0000000000000000        0xc ./MyDrivers/Src/I2C.o
 .group         0x0000000000000000        0xc ./MyDrivers/Src/I2C.o
 .group         0x0000000000000000        0xc ./MyDrivers/Src/I2C.o
 .group         0x0000000000000000        0xc ./MyDrivers/Src/I2C.o
 .group         0x0000000000000000        0xc ./MyDrivers/Src/I2C.o
 .group         0x0000000000000000        0xc ./MyDrivers/Src/I2C.o
 .group         0x0000000000000000        0xc ./MyDrivers/Src/I2C.o
 .group         0x0000000000000000        0xc ./MyDrivers/Src/I2C.o
 .group         0x0000000000000000        0xc ./MyDrivers/Src/I2C.o
 .group         0x0000000000000000        0xc ./MyDrivers/Src/I2C.o
 .group         0x0000000000000000        0xc ./MyDrivers/Src/I2C.o
 .group         0x0000000000000000        0xc ./MyDrivers/Src/I2C.o
 .group         0x0000000000000000        0xc ./MyDrivers/Src/I2C.o
 .group         0x0000000000000000        0xc ./MyDrivers/Src/I2C.o
 .text          0x0000000000000000        0x0 ./MyDrivers/Src/I2C.o
 .data          0x0000000000000000        0x0 ./MyDrivers/Src/I2C.o
 .bss           0x0000000000000000        0x0 ./MyDrivers/Src/I2C.o
 .text.I2C_Init
                0x0000000000000000       0xcc ./MyDrivers/Src/I2C.o
 .debug_macro   0x0000000000000000      0xa84 ./MyDrivers/Src/I2C.o
 .debug_macro   0x0000000000000000       0x22 ./MyDrivers/Src/I2C.o
 .debug_macro   0x0000000000000000       0x8e ./MyDrivers/Src/I2C.o
 .debug_macro   0x0000000000000000       0x51 ./MyDrivers/Src/I2C.o
 .debug_macro   0x0000000000000000      0x103 ./MyDrivers/Src/I2C.o
 .debug_macro   0x0000000000000000       0x6a ./MyDrivers/Src/I2C.o
 .debug_macro   0x0000000000000000      0x1df ./MyDrivers/Src/I2C.o
 .debug_macro   0x0000000000000000       0x52 ./MyDrivers/Src/I2C.o
 .debug_macro   0x0000000000000000       0x1e ./MyDrivers/Src/I2C.o
 .debug_macro   0x0000000000000000       0x3c ./MyDrivers/Src/I2C.o
 .debug_macro   0x0000000000000000       0x34 ./MyDrivers/Src/I2C.o
 .debug_macro   0x0000000000000000      0x174 ./MyDrivers/Src/I2C.o
 .debug_macro   0x0000000000000000       0x16 ./MyDrivers/Src/I2C.o
 .debug_macro   0x0000000000000000       0x43 ./MyDrivers/Src/I2C.o
 .debug_macro   0x0000000000000000       0x34 ./MyDrivers/Src/I2C.o
 .debug_macro   0x0000000000000000       0x10 ./MyDrivers/Src/I2C.o
 .debug_macro   0x0000000000000000       0x58 ./MyDrivers/Src/I2C.o
 .debug_macro   0x0000000000000000       0x71 ./MyDrivers/Src/I2C.o
 .debug_macro   0x0000000000000000       0x1c ./MyDrivers/Src/I2C.o
 .debug_macro   0x0000000000000000      0x12a ./MyDrivers/Src/I2C.o
 .debug_macro   0x0000000000000000      0x341 ./MyDrivers/Src/I2C.o
 .debug_macro   0x0000000000000000       0x10 ./MyDrivers/Src/I2C.o
 .debug_macro   0x0000000000000000       0x35 ./MyDrivers/Src/I2C.o
 .debug_macro   0x0000000000000000       0x20 ./MyDrivers/Src/I2C.o
 .debug_macro   0x0000000000000000      0x2d7 ./MyDrivers/Src/I2C.o
 .debug_macro   0x0000000000000000       0x6a ./MyDrivers/Src/I2C.o
 .debug_macro   0x0000000000000000       0xb2 ./MyDrivers/Src/I2C.o
 .debug_macro   0x0000000000000000       0x8e ./MyDrivers/Src/I2C.o
 .debug_macro   0x0000000000000000       0x9a ./MyDrivers/Src/I2C.o
 .group         0x0000000000000000        0xc ./MyDrivers/Src/RCC.o
 .group         0x0000000000000000        0xc ./MyDrivers/Src/RCC.o
 .group         0x0000000000000000        0xc ./MyDrivers/Src/RCC.o
 .group         0x0000000000000000        0xc ./MyDrivers/Src/RCC.o
 .group         0x0000000000000000        0xc ./MyDrivers/Src/RCC.o
 .group         0x0000000000000000        0xc ./MyDrivers/Src/RCC.o
 .group         0x0000000000000000        0xc ./MyDrivers/Src/RCC.o
 .group         0x0000000000000000        0xc ./MyDrivers/Src/RCC.o
 .group         0x0000000000000000        0xc ./MyDrivers/Src/RCC.o
 .group         0x0000000000000000        0xc ./MyDrivers/Src/RCC.o
 .group         0x0000000000000000        0xc ./MyDrivers/Src/RCC.o
 .group         0x0000000000000000        0xc ./MyDrivers/Src/RCC.o
 .group         0x0000000000000000        0xc ./MyDrivers/Src/RCC.o
 .group         0x0000000000000000        0xc ./MyDrivers/Src/RCC.o
 .group         0x0000000000000000        0xc ./MyDrivers/Src/RCC.o
 .group         0x0000000000000000        0xc ./MyDrivers/Src/RCC.o
 .group         0x0000000000000000        0xc ./MyDrivers/Src/RCC.o
 .group         0x0000000000000000        0xc ./MyDrivers/Src/RCC.o
 .group         0x0000000000000000        0xc ./MyDrivers/Src/RCC.o
 .group         0x0000000000000000        0xc ./MyDrivers/Src/RCC.o
 .group         0x0000000000000000        0xc ./MyDrivers/Src/RCC.o
 .group         0x0000000000000000        0xc ./MyDrivers/Src/RCC.o
 .group         0x0000000000000000        0xc ./MyDrivers/Src/RCC.o
 .group         0x0000000000000000        0xc ./MyDrivers/Src/RCC.o
 .group         0x0000000000000000        0xc ./MyDrivers/Src/RCC.o
 .group         0x0000000000000000        0xc ./MyDrivers/Src/RCC.o
 .group         0x0000000000000000        0xc ./MyDrivers/Src/RCC.o
 .group         0x0000000000000000        0xc ./MyDrivers/Src/RCC.o
 .group         0x0000000000000000        0xc ./MyDrivers/Src/RCC.o
 .group         0x0000000000000000        0xc ./MyDrivers/Src/RCC.o
 .text          0x0000000000000000        0x0 ./MyDrivers/Src/RCC.o
 .data          0x0000000000000000        0x0 ./MyDrivers/Src/RCC.o
 .bss           0x0000000000000000        0x0 ./MyDrivers/Src/RCC.o
 .rodata.AHB_Prescaler
                0x0000000000000000       0x11 ./MyDrivers/Src/RCC.o
 .rodata.APB_Prescalers
                0x0000000000000000        0x8 ./MyDrivers/Src/RCC.o
 .text.RCC_GetSystemClock
                0x0000000000000000       0x58 ./MyDrivers/Src/RCC.o
 .text.RCC_GetHClock
                0x0000000000000000       0x50 ./MyDrivers/Src/RCC.o
 .text.RCC_GetPClock1
                0x0000000000000000       0x50 ./MyDrivers/Src/RCC.o
 .text.RCC_GetPClock2
                0x0000000000000000       0x50 ./MyDrivers/Src/RCC.o
 .debug_info    0x0000000000000000      0x3f0 ./MyDrivers/Src/RCC.o
 .debug_abbrev  0x0000000000000000       0xeb ./MyDrivers/Src/RCC.o
 .debug_aranges
                0x0000000000000000       0x38 ./MyDrivers/Src/RCC.o
 .debug_ranges  0x0000000000000000       0x28 ./MyDrivers/Src/RCC.o
 .debug_macro   0x0000000000000000      0x191 ./MyDrivers/Src/RCC.o
 .debug_macro   0x0000000000000000      0xa84 ./MyDrivers/Src/RCC.o
 .debug_macro   0x0000000000000000       0x22 ./MyDrivers/Src/RCC.o
 .debug_macro   0x0000000000000000       0x8e ./MyDrivers/Src/RCC.o
 .debug_macro   0x0000000000000000       0x51 ./MyDrivers/Src/RCC.o
 .debug_macro   0x0000000000000000      0x103 ./MyDrivers/Src/RCC.o
 .debug_macro   0x0000000000000000       0x6a ./MyDrivers/Src/RCC.o
 .debug_macro   0x0000000000000000      0x1df ./MyDrivers/Src/RCC.o
 .debug_macro   0x0000000000000000       0x52 ./MyDrivers/Src/RCC.o
 .debug_macro   0x0000000000000000       0x1e ./MyDrivers/Src/RCC.o
 .debug_macro   0x0000000000000000       0x3c ./MyDrivers/Src/RCC.o
 .debug_macro   0x0000000000000000       0x34 ./MyDrivers/Src/RCC.o
 .debug_macro   0x0000000000000000      0x174 ./MyDrivers/Src/RCC.o
 .debug_macro   0x0000000000000000       0x16 ./MyDrivers/Src/RCC.o
 .debug_macro   0x0000000000000000       0x43 ./MyDrivers/Src/RCC.o
 .debug_macro   0x0000000000000000       0x34 ./MyDrivers/Src/RCC.o
 .debug_macro   0x0000000000000000       0x10 ./MyDrivers/Src/RCC.o
 .debug_macro   0x0000000000000000       0x58 ./MyDrivers/Src/RCC.o
 .debug_macro   0x0000000000000000       0x71 ./MyDrivers/Src/RCC.o
 .debug_macro   0x0000000000000000       0x1c ./MyDrivers/Src/RCC.o
 .debug_macro   0x0000000000000000      0x12a ./MyDrivers/Src/RCC.o
 .debug_macro   0x0000000000000000      0x341 ./MyDrivers/Src/RCC.o
 .debug_macro   0x0000000000000000       0x10 ./MyDrivers/Src/RCC.o
 .debug_macro   0x0000000000000000       0x35 ./MyDrivers/Src/RCC.o
 .debug_macro   0x0000000000000000       0x20 ./MyDrivers/Src/RCC.o
 .debug_macro   0x0000000000000000      0x2d7 ./MyDrivers/Src/RCC.o
 .debug_macro   0x0000000000000000       0xb2 ./MyDrivers/Src/RCC.o
 .debug_macro   0x0000000000000000       0x8e ./MyDrivers/Src/RCC.o
 .debug_macro   0x0000000000000000       0x9a ./MyDrivers/Src/RCC.o
 .debug_macro   0x0000000000000000       0x58 ./MyDrivers/Src/RCC.o
 .debug_macro   0x0000000000000000       0x6a ./MyDrivers/Src/RCC.o
 .debug_line    0x0000000000000000      0x646 ./MyDrivers/Src/RCC.o
 .debug_str     0x0000000000000000     0x9667 ./MyDrivers/Src/RCC.o
 .comment       0x0000000000000000       0x51 ./MyDrivers/Src/RCC.o
 .debug_frame   0x0000000000000000       0xa4 ./MyDrivers/Src/RCC.o
 .ARM.attributes
                0x0000000000000000       0x34 ./MyDrivers/Src/RCC.o
 .group         0x0000000000000000        0xc ./MyDrivers/Src/SPI.o
 .group         0x0000000000000000        0xc ./MyDrivers/Src/SPI.o
 .group         0x0000000000000000        0xc ./MyDrivers/Src/SPI.o
 .group         0x0000000000000000        0xc ./MyDrivers/Src/SPI.o
 .group         0x0000000000000000        0xc ./MyDrivers/Src/SPI.o
 .group         0x0000000000000000        0xc ./MyDrivers/Src/SPI.o
 .group         0x0000000000000000        0xc ./MyDrivers/Src/SPI.o
 .group         0x0000000000000000        0xc ./MyDrivers/Src/SPI.o
 .group         0x0000000000000000        0xc ./MyDrivers/Src/SPI.o
 .group         0x0000000000000000        0xc ./MyDrivers/Src/SPI.o
 .group         0x0000000000000000        0xc ./MyDrivers/Src/SPI.o
 .group         0x0000000000000000        0xc ./MyDrivers/Src/SPI.o
 .group         0x0000000000000000        0xc ./MyDrivers/Src/SPI.o
 .group         0x0000000000000000        0xc ./MyDrivers/Src/SPI.o
 .group         0x0000000000000000        0xc ./MyDrivers/Src/SPI.o
 .group         0x0000000000000000        0xc ./MyDrivers/Src/SPI.o
 .group         0x0000000000000000        0xc ./MyDrivers/Src/SPI.o
 .group         0x0000000000000000        0xc ./MyDrivers/Src/SPI.o
 .group         0x0000000000000000        0xc ./MyDrivers/Src/SPI.o
 .group         0x0000000000000000        0xc ./MyDrivers/Src/SPI.o
 .group         0x0000000000000000        0xc ./MyDrivers/Src/SPI.o
 .group         0x0000000000000000        0xc ./MyDrivers/Src/SPI.o
 .group         0x0000000000000000        0xc ./MyDrivers/Src/SPI.o
 .group         0x0000000000000000        0xc ./MyDrivers/Src/SPI.o
 .group         0x0000000000000000        0xc ./MyDrivers/Src/SPI.o
 .group         0x0000000000000000        0xc ./MyDrivers/Src/SPI.o
 .group         0x0000000000000000        0xc ./MyDrivers/Src/SPI.o
 .group         0x0000000000000000        0xc ./MyDrivers/Src/SPI.o
 .group         0x0000000000000000        0xc ./MyDrivers/Src/SPI.o
 .group         0x0000000000000000        0xc ./MyDrivers/Src/SPI.o
 .text          0x0000000000000000        0x0 ./MyDrivers/Src/SPI.o
 .data          0x0000000000000000        0x0 ./MyDrivers/Src/SPI.o
 .bss           0x0000000000000000        0x0 ./MyDrivers/Src/SPI.o
 .text.SPI_CloseISR_TX
                0x0000000000000000       0x38 ./MyDrivers/Src/SPI.o
 .text.SPI_CloseISR_RX
                0x0000000000000000       0x38 ./MyDrivers/Src/SPI.o
 .text.SPI_TransmitHelper_16Bits
                0x0000000000000000       0x36 ./MyDrivers/Src/SPI.o
 .text.SPI_TransmitHelper_8Bits
                0x0000000000000000       0x40 ./MyDrivers/Src/SPI.o
 .text.SPI_ReceiveHelper_8Bits
                0x0000000000000000       0x46 ./MyDrivers/Src/SPI.o
 .text.SPI_ReceiveHelper_16Bits
                0x0000000000000000       0x38 ./MyDrivers/Src/SPI.o
 .text.SPI_ReceiveData_IT
                0x0000000000000000       0x70 ./MyDrivers/Src/SPI.o
 .text.SPI_TransmitData_IT
                0x0000000000000000       0x70 ./MyDrivers/Src/SPI.o
 .text.SPI_ReceiveData
                0x0000000000000000       0x60 ./MyDrivers/Src/SPI.o
 .text.SPI_Init
                0x0000000000000000       0x56 ./MyDrivers/Src/SPI.o
 .text.SPI_PeriphCmd
                0x0000000000000000       0x40 ./MyDrivers/Src/SPI.o
 .text.SPI_TransmitData
                0x0000000000000000       0x8c ./MyDrivers/Src/SPI.o
 .text.SPI_GetFlagStatus
                0x0000000000000000       0x2c ./MyDrivers/Src/SPI.o
 .debug_macro   0x0000000000000000      0xa84 ./MyDrivers/Src/SPI.o
 .debug_macro   0x0000000000000000       0x22 ./MyDrivers/Src/SPI.o
 .debug_macro   0x0000000000000000       0x8e ./MyDrivers/Src/SPI.o
 .debug_macro   0x0000000000000000       0x51 ./MyDrivers/Src/SPI.o
 .debug_macro   0x0000000000000000      0x103 ./MyDrivers/Src/SPI.o
 .debug_macro   0x0000000000000000       0x6a ./MyDrivers/Src/SPI.o
 .debug_macro   0x0000000000000000      0x1df ./MyDrivers/Src/SPI.o
 .debug_macro   0x0000000000000000       0x52 ./MyDrivers/Src/SPI.o
 .debug_macro   0x0000000000000000       0x1e ./MyDrivers/Src/SPI.o
 .debug_macro   0x0000000000000000       0x3c ./MyDrivers/Src/SPI.o
 .debug_macro   0x0000000000000000       0x34 ./MyDrivers/Src/SPI.o
 .debug_macro   0x0000000000000000      0x174 ./MyDrivers/Src/SPI.o
 .debug_macro   0x0000000000000000       0x16 ./MyDrivers/Src/SPI.o
 .debug_macro   0x0000000000000000       0x43 ./MyDrivers/Src/SPI.o
 .debug_macro   0x0000000000000000       0x34 ./MyDrivers/Src/SPI.o
 .debug_macro   0x0000000000000000       0x10 ./MyDrivers/Src/SPI.o
 .debug_macro   0x0000000000000000       0x58 ./MyDrivers/Src/SPI.o
 .debug_macro   0x0000000000000000       0x71 ./MyDrivers/Src/SPI.o
 .debug_macro   0x0000000000000000       0x1c ./MyDrivers/Src/SPI.o
 .debug_macro   0x0000000000000000      0x12a ./MyDrivers/Src/SPI.o
 .debug_macro   0x0000000000000000      0x341 ./MyDrivers/Src/SPI.o
 .debug_macro   0x0000000000000000       0x10 ./MyDrivers/Src/SPI.o
 .debug_macro   0x0000000000000000       0x35 ./MyDrivers/Src/SPI.o
 .debug_macro   0x0000000000000000       0x20 ./MyDrivers/Src/SPI.o
 .debug_macro   0x0000000000000000      0x2d7 ./MyDrivers/Src/SPI.o
 .debug_macro   0x0000000000000000       0x6a ./MyDrivers/Src/SPI.o
 .debug_macro   0x0000000000000000       0xb2 ./MyDrivers/Src/SPI.o
 .debug_macro   0x0000000000000000       0x8e ./MyDrivers/Src/SPI.o
 .debug_macro   0x0000000000000000       0x58 ./MyDrivers/Src/SPI.o
 .group         0x0000000000000000        0xc ./MyDrivers/Src/USART.o
 .group         0x0000000000000000        0xc ./MyDrivers/Src/USART.o
 .group         0x0000000000000000        0xc ./MyDrivers/Src/USART.o
 .group         0x0000000000000000        0xc ./MyDrivers/Src/USART.o
 .group         0x0000000000000000        0xc ./MyDrivers/Src/USART.o
 .group         0x0000000000000000        0xc ./MyDrivers/Src/USART.o
 .group         0x0000000000000000        0xc ./MyDrivers/Src/USART.o
 .group         0x0000000000000000        0xc ./MyDrivers/Src/USART.o
 .group         0x0000000000000000        0xc ./MyDrivers/Src/USART.o
 .group         0x0000000000000000        0xc ./MyDrivers/Src/USART.o
 .group         0x0000000000000000        0xc ./MyDrivers/Src/USART.o
 .group         0x0000000000000000        0xc ./MyDrivers/Src/USART.o
 .group         0x0000000000000000        0xc ./MyDrivers/Src/USART.o
 .group         0x0000000000000000        0xc ./MyDrivers/Src/USART.o
 .group         0x0000000000000000        0xc ./MyDrivers/Src/USART.o
 .group         0x0000000000000000        0xc ./MyDrivers/Src/USART.o
 .group         0x0000000000000000        0xc ./MyDrivers/Src/USART.o
 .group         0x0000000000000000        0xc ./MyDrivers/Src/USART.o
 .group         0x0000000000000000        0xc ./MyDrivers/Src/USART.o
 .group         0x0000000000000000        0xc ./MyDrivers/Src/USART.o
 .group         0x0000000000000000        0xc ./MyDrivers/Src/USART.o
 .group         0x0000000000000000        0xc ./MyDrivers/Src/USART.o
 .group         0x0000000000000000        0xc ./MyDrivers/Src/USART.o
 .group         0x0000000000000000        0xc ./MyDrivers/Src/USART.o
 .group         0x0000000000000000        0xc ./MyDrivers/Src/USART.o
 .group         0x0000000000000000        0xc ./MyDrivers/Src/USART.o
 .group         0x0000000000000000        0xc ./MyDrivers/Src/USART.o
 .group         0x0000000000000000        0xc ./MyDrivers/Src/USART.o
 .group         0x0000000000000000        0xc ./MyDrivers/Src/USART.o
 .group         0x0000000000000000        0xc ./MyDrivers/Src/USART.o
 .text          0x0000000000000000        0x0 ./MyDrivers/Src/USART.o
 .data          0x0000000000000000        0x0 ./MyDrivers/Src/USART.o
 .bss           0x0000000000000000        0x0 ./MyDrivers/Src/USART.o
 .text.closeUSART_ISR
                0x0000000000000000       0x38 ./MyDrivers/Src/USART.o
 .text.closeUSART_ISR_Rx
                0x0000000000000000       0x36 ./MyDrivers/Src/USART.o
 .text.USART_SendWith_IT
                0x0000000000000000       0x80 ./MyDrivers/Src/USART.o
 .text.USART_ReceiveWith_IT
                0x0000000000000000      0x102 ./MyDrivers/Src/USART.o
 .text.USART_Init
                0x0000000000000000      0x154 ./MyDrivers/Src/USART.o
 .text.USART_TransmitData
                0x0000000000000000       0x96 ./MyDrivers/Src/USART.o
 .text.USART_GetFlagStatus
                0x0000000000000000       0x2c ./MyDrivers/Src/USART.o
 .text.USART_PeriphCmd
                0x0000000000000000       0x40 ./MyDrivers/Src/USART.o
 .text.USART_ReceiveData
                0x0000000000000000       0xec ./MyDrivers/Src/USART.o
 .text.USART_TransmitData_IT
                0x0000000000000000       0x58 ./MyDrivers/Src/USART.o
 .text.USART_InterruptHandler
                0x0000000000000000       0x80 ./MyDrivers/Src/USART.o
 .text.USART_ReceiveData_IT
                0x0000000000000000       0x54 ./MyDrivers/Src/USART.o
 .debug_info    0x0000000000000000      0x675 ./MyDrivers/Src/USART.o
 .debug_abbrev  0x0000000000000000      0x1f6 ./MyDrivers/Src/USART.o
 .debug_aranges
                0x0000000000000000       0x78 ./MyDrivers/Src/USART.o
 .debug_ranges  0x0000000000000000       0x68 ./MyDrivers/Src/USART.o
 .debug_macro   0x0000000000000000      0x195 ./MyDrivers/Src/USART.o
 .debug_macro   0x0000000000000000      0xa84 ./MyDrivers/Src/USART.o
 .debug_macro   0x0000000000000000       0x22 ./MyDrivers/Src/USART.o
 .debug_macro   0x0000000000000000       0x8e ./MyDrivers/Src/USART.o
 .debug_macro   0x0000000000000000       0x51 ./MyDrivers/Src/USART.o
 .debug_macro   0x0000000000000000      0x103 ./MyDrivers/Src/USART.o
 .debug_macro   0x0000000000000000       0x6a ./MyDrivers/Src/USART.o
 .debug_macro   0x0000000000000000      0x1df ./MyDrivers/Src/USART.o
 .debug_macro   0x0000000000000000       0x52 ./MyDrivers/Src/USART.o
 .debug_macro   0x0000000000000000       0x1e ./MyDrivers/Src/USART.o
 .debug_macro   0x0000000000000000       0x3c ./MyDrivers/Src/USART.o
 .debug_macro   0x0000000000000000       0x34 ./MyDrivers/Src/USART.o
 .debug_macro   0x0000000000000000      0x174 ./MyDrivers/Src/USART.o
 .debug_macro   0x0000000000000000       0x16 ./MyDrivers/Src/USART.o
 .debug_macro   0x0000000000000000       0x43 ./MyDrivers/Src/USART.o
 .debug_macro   0x0000000000000000       0x34 ./MyDrivers/Src/USART.o
 .debug_macro   0x0000000000000000       0x10 ./MyDrivers/Src/USART.o
 .debug_macro   0x0000000000000000       0x58 ./MyDrivers/Src/USART.o
 .debug_macro   0x0000000000000000       0x71 ./MyDrivers/Src/USART.o
 .debug_macro   0x0000000000000000       0x1c ./MyDrivers/Src/USART.o
 .debug_macro   0x0000000000000000      0x12a ./MyDrivers/Src/USART.o
 .debug_macro   0x0000000000000000      0x341 ./MyDrivers/Src/USART.o
 .debug_macro   0x0000000000000000       0x10 ./MyDrivers/Src/USART.o
 .debug_macro   0x0000000000000000       0x35 ./MyDrivers/Src/USART.o
 .debug_macro   0x0000000000000000       0x20 ./MyDrivers/Src/USART.o
 .debug_macro   0x0000000000000000      0x2d7 ./MyDrivers/Src/USART.o
 .debug_macro   0x0000000000000000       0x6a ./MyDrivers/Src/USART.o
 .debug_macro   0x0000000000000000       0xb2 ./MyDrivers/Src/USART.o
 .debug_macro   0x0000000000000000       0x9a ./MyDrivers/Src/USART.o
 .debug_macro   0x0000000000000000       0x58 ./MyDrivers/Src/USART.o
 .debug_macro   0x0000000000000000       0x88 ./MyDrivers/Src/USART.o
 .debug_line    0x0000000000000000      0xa14 ./MyDrivers/Src/USART.o
 .debug_str     0x0000000000000000     0x980a ./MyDrivers/Src/USART.o
 .comment       0x0000000000000000       0x51 ./MyDrivers/Src/USART.o
 .debug_frame   0x0000000000000000      0x1d8 ./MyDrivers/Src/USART.o
 .ARM.attributes
                0x0000000000000000       0x34 ./MyDrivers/Src/USART.o
 .group         0x0000000000000000        0xc ./Src/main.o
 .group         0x0000000000000000        0xc ./Src/main.o
 .group         0x0000000000000000        0xc ./Src/main.o
 .group         0x0000000000000000        0xc ./Src/main.o
 .group         0x0000000000000000        0xc ./Src/main.o
 .group         0x0000000000000000        0xc ./Src/main.o
 .group         0x0000000000000000        0xc ./Src/main.o
 .group         0x0000000000000000        0xc ./Src/main.o
 .group         0x0000000000000000        0xc ./Src/main.o
 .group         0x0000000000000000        0xc ./Src/main.o
 .group         0x0000000000000000        0xc ./Src/main.o
 .group         0x0000000000000000        0xc ./Src/main.o
 .group         0x0000000000000000        0xc ./Src/main.o
 .group         0x0000000000000000        0xc ./Src/main.o
 .group         0x0000000000000000        0xc ./Src/main.o
 .group         0x0000000000000000        0xc ./Src/main.o
 .group         0x0000000000000000        0xc ./Src/main.o
 .group         0x0000000000000000        0xc ./Src/main.o
 .group         0x0000000000000000        0xc ./Src/main.o
 .group         0x0000000000000000        0xc ./Src/main.o
 .group         0x0000000000000000        0xc ./Src/main.o
 .group         0x0000000000000000        0xc ./Src/main.o
 .group         0x0000000000000000        0xc ./Src/main.o
 .group         0x0000000000000000        0xc ./Src/main.o
 .group         0x0000000000000000        0xc ./Src/main.o
 .group         0x0000000000000000        0xc ./Src/main.o
 .group         0x0000000000000000        0xc ./Src/main.o
 .group         0x0000000000000000        0xc ./Src/main.o
 .group         0x0000000000000000        0xc ./Src/main.o
 .group         0x0000000000000000        0xc ./Src/main.o
 .group         0x0000000000000000        0xc ./Src/main.o
 .text          0x0000000000000000        0x0 ./Src/main.o
 .data          0x0000000000000000        0x0 ./Src/main.o
 .bss           0x0000000000000000        0x0 ./Src/main.o
 .bss.USART_Handle
                0x0000000000000000       0x38 ./Src/main.o
 .text.LockControl
                0x0000000000000000       0x38 ./Src/main.o
 .text.SPI_Config
                0x0000000000000000       0x78 ./Src/main.o
 .text.SPI_GPIO_Config
                0x0000000000000000       0x40 ./Src/main.o
 .debug_macro   0x0000000000000000      0xa84 ./Src/main.o
 .debug_macro   0x0000000000000000       0x22 ./Src/main.o
 .debug_macro   0x0000000000000000       0x8e ./Src/main.o
 .debug_macro   0x0000000000000000       0x51 ./Src/main.o
 .debug_macro   0x0000000000000000      0x103 ./Src/main.o
 .debug_macro   0x0000000000000000       0x6a ./Src/main.o
 .debug_macro   0x0000000000000000      0x1df ./Src/main.o
 .debug_macro   0x0000000000000000       0x52 ./Src/main.o
 .debug_macro   0x0000000000000000       0x1e ./Src/main.o
 .debug_macro   0x0000000000000000       0x3c ./Src/main.o
 .debug_macro   0x0000000000000000       0x34 ./Src/main.o
 .debug_macro   0x0000000000000000      0x174 ./Src/main.o
 .debug_macro   0x0000000000000000       0x16 ./Src/main.o
 .debug_macro   0x0000000000000000       0x43 ./Src/main.o
 .debug_macro   0x0000000000000000       0x34 ./Src/main.o
 .debug_macro   0x0000000000000000       0x10 ./Src/main.o
 .debug_macro   0x0000000000000000       0x58 ./Src/main.o
 .debug_macro   0x0000000000000000       0x71 ./Src/main.o
 .debug_macro   0x0000000000000000       0x1c ./Src/main.o
 .debug_macro   0x0000000000000000      0x12a ./Src/main.o
 .debug_macro   0x0000000000000000      0x341 ./Src/main.o
 .debug_macro   0x0000000000000000       0x10 ./Src/main.o
 .debug_macro   0x0000000000000000       0x35 ./Src/main.o
 .debug_macro   0x0000000000000000       0x20 ./Src/main.o
 .debug_macro   0x0000000000000000      0x2d7 ./Src/main.o
 .debug_macro   0x0000000000000000       0x6a ./Src/main.o
 .debug_macro   0x0000000000000000       0xb2 ./Src/main.o
 .debug_macro   0x0000000000000000       0x8e ./Src/main.o
 .debug_macro   0x0000000000000000       0x9a ./Src/main.o
 .debug_macro   0x0000000000000000       0x58 ./Src/main.o
 .group         0x0000000000000000        0xc ./Src/syscalls.o
 .group         0x0000000000000000        0xc ./Src/syscalls.o
 .group         0x0000000000000000        0xc ./Src/syscalls.o
 .group         0x0000000000000000        0xc ./Src/syscalls.o
 .group         0x0000000000000000        0xc ./Src/syscalls.o
 .group         0x0000000000000000        0xc ./Src/syscalls.o
 .group         0x0000000000000000        0xc ./Src/syscalls.o
 .group         0x0000000000000000        0xc ./Src/syscalls.o
 .group         0x0000000000000000        0xc ./Src/syscalls.o
 .group         0x0000000000000000        0xc ./Src/syscalls.o
 .group         0x0000000000000000        0xc ./Src/syscalls.o
 .group         0x0000000000000000        0xc ./Src/syscalls.o
 .group         0x0000000000000000        0xc ./Src/syscalls.o
 .group         0x0000000000000000        0xc ./Src/syscalls.o
 .group         0x0000000000000000        0xc ./Src/syscalls.o
 .group         0x0000000000000000        0xc ./Src/syscalls.o
 .group         0x0000000000000000        0xc ./Src/syscalls.o
 .group         0x0000000000000000        0xc ./Src/syscalls.o
 .group         0x0000000000000000        0xc ./Src/syscalls.o
 .group         0x0000000000000000        0xc ./Src/syscalls.o
 .group         0x0000000000000000        0xc ./Src/syscalls.o
 .group         0x0000000000000000        0xc ./Src/syscalls.o
 .group         0x0000000000000000        0xc ./Src/syscalls.o
 .group         0x0000000000000000        0xc ./Src/syscalls.o
 .group         0x0000000000000000        0xc ./Src/syscalls.o
 .group         0x0000000000000000        0xc ./Src/syscalls.o
 .group         0x0000000000000000        0xc ./Src/syscalls.o
 .group         0x0000000000000000        0xc ./Src/syscalls.o
 .group         0x0000000000000000        0xc ./Src/syscalls.o
 .group         0x0000000000000000        0xc ./Src/syscalls.o
 .group         0x0000000000000000        0xc ./Src/syscalls.o
 .group         0x0000000000000000        0xc ./Src/syscalls.o
 .group         0x0000000000000000        0xc ./Src/syscalls.o
 .group         0x0000000000000000        0xc ./Src/syscalls.o
 .group         0x0000000000000000        0xc ./Src/syscalls.o
 .group         0x0000000000000000        0xc ./Src/syscalls.o
 .group         0x0000000000000000        0xc ./Src/syscalls.o
 .group         0x0000000000000000        0xc ./Src/syscalls.o
 .group         0x0000000000000000        0xc ./Src/syscalls.o
 .group         0x0000000000000000        0xc ./Src/syscalls.o
 .group         0x0000000000000000        0xc ./Src/syscalls.o
 .group         0x0000000000000000        0xc ./Src/syscalls.o
 .group         0x0000000000000000        0xc ./Src/syscalls.o
 .group         0x0000000000000000        0xc ./Src/syscalls.o
 .group         0x0000000000000000        0xc ./Src/syscalls.o
 .group         0x0000000000000000        0xc ./Src/syscalls.o
 .group         0x0000000000000000        0xc ./Src/syscalls.o
 .text          0x0000000000000000        0x0 ./Src/syscalls.o
 .data          0x0000000000000000        0x0 ./Src/syscalls.o
 .bss           0x0000000000000000        0x0 ./Src/syscalls.o
 .bss.__env     0x0000000000000000        0x4 ./Src/syscalls.o
 .data.environ  0x0000000000000000        0x4 ./Src/syscalls.o
 .text.initialise_monitor_handles
                0x0000000000000000        0xe ./Src/syscalls.o
 .text._getpid  0x0000000000000000       0x10 ./Src/syscalls.o
 .text._kill    0x0000000000000000       0x20 ./Src/syscalls.o
 .text._exit    0x0000000000000000       0x14 ./Src/syscalls.o
 .text._read    0x0000000000000000       0x3a ./Src/syscalls.o
 .text._write   0x0000000000000000       0x38 ./Src/syscalls.o
 .text._close   0x0000000000000000       0x18 ./Src/syscalls.o
 .text._fstat   0x0000000000000000       0x20 ./Src/syscalls.o
 .text._isatty  0x0000000000000000       0x16 ./Src/syscalls.o
 .text._lseek   0x0000000000000000       0x1a ./Src/syscalls.o
 .text._open    0x0000000000000000       0x1c ./Src/syscalls.o
 .text._wait    0x0000000000000000       0x1e ./Src/syscalls.o
 .text._unlink  0x0000000000000000       0x1e ./Src/syscalls.o
 .text._times   0x0000000000000000       0x18 ./Src/syscalls.o
 .text._stat    0x0000000000000000       0x20 ./Src/syscalls.o
 .text._link    0x0000000000000000       0x20 ./Src/syscalls.o
 .text._fork    0x0000000000000000       0x16 ./Src/syscalls.o
 .text._execve  0x0000000000000000       0x22 ./Src/syscalls.o
 .debug_info    0x0000000000000000      0x6e0 ./Src/syscalls.o
 .debug_abbrev  0x0000000000000000      0x1b3 ./Src/syscalls.o
 .debug_aranges
                0x0000000000000000       0xa8 ./Src/syscalls.o
 .debug_ranges  0x0000000000000000       0x98 ./Src/syscalls.o
 .debug_macro   0x0000000000000000      0x24c ./Src/syscalls.o
 .debug_macro   0x0000000000000000      0xa84 ./Src/syscalls.o
 .debug_macro   0x0000000000000000       0x22 ./Src/syscalls.o
 .debug_macro   0x0000000000000000       0x4c ./Src/syscalls.o
 .debug_macro   0x0000000000000000       0x1e ./Src/syscalls.o
 .debug_macro   0x0000000000000000       0x94 ./Src/syscalls.o
 .debug_macro   0x0000000000000000       0x3c ./Src/syscalls.o
 .debug_macro   0x0000000000000000       0x34 ./Src/syscalls.o
 .debug_macro   0x0000000000000000       0x57 ./Src/syscalls.o
 .debug_macro   0x0000000000000000      0x174 ./Src/syscalls.o
 .debug_macro   0x0000000000000000      0x341 ./Src/syscalls.o
 .debug_macro   0x0000000000000000       0x16 ./Src/syscalls.o
 .debug_macro   0x0000000000000000       0x43 ./Src/syscalls.o
 .debug_macro   0x0000000000000000       0x34 ./Src/syscalls.o
 .debug_macro   0x0000000000000000       0x10 ./Src/syscalls.o
 .debug_macro   0x0000000000000000       0x58 ./Src/syscalls.o
 .debug_macro   0x0000000000000000       0x71 ./Src/syscalls.o
 .debug_macro   0x0000000000000000       0x1c ./Src/syscalls.o
 .debug_macro   0x0000000000000000      0x12a ./Src/syscalls.o
 .debug_macro   0x0000000000000000       0x10 ./Src/syscalls.o
 .debug_macro   0x0000000000000000       0x35 ./Src/syscalls.o
 .debug_macro   0x0000000000000000       0x10 ./Src/syscalls.o
 .debug_macro   0x0000000000000000       0x10 ./Src/syscalls.o
 .debug_macro   0x0000000000000000       0x10 ./Src/syscalls.o
 .debug_macro   0x0000000000000000       0x6a ./Src/syscalls.o
 .debug_macro   0x0000000000000000       0x1c ./Src/syscalls.o
 .debug_macro   0x0000000000000000       0x52 ./Src/syscalls.o
 .debug_macro   0x0000000000000000       0x22 ./Src/syscalls.o
 .debug_macro   0x0000000000000000       0x10 ./Src/syscalls.o
 .debug_macro   0x0000000000000000       0x52 ./Src/syscalls.o
 .debug_macro   0x0000000000000000       0xd5 ./Src/syscalls.o
 .debug_macro   0x0000000000000000       0x1c ./Src/syscalls.o
 .debug_macro   0x0000000000000000       0x3d ./Src/syscalls.o
 .debug_macro   0x0000000000000000       0x35 ./Src/syscalls.o
 .debug_macro   0x0000000000000000      0x12c ./Src/syscalls.o
 .debug_macro   0x0000000000000000       0x16 ./Src/syscalls.o
 .debug_macro   0x0000000000000000       0x16 ./Src/syscalls.o
 .debug_macro   0x0000000000000000       0x29 ./Src/syscalls.o
 .debug_macro   0x0000000000000000       0x10 ./Src/syscalls.o
 .debug_macro   0x0000000000000000      0x241 ./Src/syscalls.o
 .debug_macro   0x0000000000000000       0x1c ./Src/syscalls.o
 .debug_macro   0x0000000000000000       0x10 ./Src/syscalls.o
 .debug_macro   0x0000000000000000       0x10 ./Src/syscalls.o
 .debug_macro   0x0000000000000000       0x16 ./Src/syscalls.o
 .debug_macro   0x0000000000000000      0x145 ./Src/syscalls.o
 .debug_macro   0x0000000000000000      0x189 ./Src/syscalls.o
 .debug_macro   0x0000000000000000       0x16 ./Src/syscalls.o
 .debug_macro   0x0000000000000000       0xce ./Src/syscalls.o
 .debug_line    0x0000000000000000      0x7f9 ./Src/syscalls.o
 .debug_str     0x0000000000000000     0x8a77 ./Src/syscalls.o
 .comment       0x0000000000000000       0x51 ./Src/syscalls.o
 .debug_frame   0x0000000000000000      0x2ac ./Src/syscalls.o
 .ARM.attributes
                0x0000000000000000       0x34 ./Src/syscalls.o
 .group         0x0000000000000000        0xc ./Src/sysmem.o
 .group         0x0000000000000000        0xc ./Src/sysmem.o
 .group         0x0000000000000000        0xc ./Src/sysmem.o
 .group         0x0000000000000000        0xc ./Src/sysmem.o
 .group         0x0000000000000000        0xc ./Src/sysmem.o
 .group         0x0000000000000000        0xc ./Src/sysmem.o
 .group         0x0000000000000000        0xc ./Src/sysmem.o
 .group         0x0000000000000000        0xc ./Src/sysmem.o
 .group         0x0000000000000000        0xc ./Src/sysmem.o
 .group         0x0000000000000000        0xc ./Src/sysmem.o
 .group         0x0000000000000000        0xc ./Src/sysmem.o
 .group         0x0000000000000000        0xc ./Src/sysmem.o
 .group         0x0000000000000000        0xc ./Src/sysmem.o
 .group         0x0000000000000000        0xc ./Src/sysmem.o
 .group         0x0000000000000000        0xc ./Src/sysmem.o
 .group         0x0000000000000000        0xc ./Src/sysmem.o
 .group         0x0000000000000000        0xc ./Src/sysmem.o
 .group         0x0000000000000000        0xc ./Src/sysmem.o
 .group         0x0000000000000000        0xc ./Src/sysmem.o
 .group         0x0000000000000000        0xc ./Src/sysmem.o
 .group         0x0000000000000000        0xc ./Src/sysmem.o
 .group         0x0000000000000000        0xc ./Src/sysmem.o
 .text          0x0000000000000000        0x0 ./Src/sysmem.o
 .data          0x0000000000000000        0x0 ./Src/sysmem.o
 .bss           0x0000000000000000        0x0 ./Src/sysmem.o
 .bss.__sbrk_heap_end
                0x0000000000000000        0x4 ./Src/sysmem.o
 .text._sbrk    0x0000000000000000       0x6c ./Src/sysmem.o
 .debug_info    0x0000000000000000      0x171 ./Src/sysmem.o
 .debug_abbrev  0x0000000000000000       0xbb ./Src/sysmem.o
 .debug_aranges
                0x0000000000000000       0x20 ./Src/sysmem.o
 .debug_ranges  0x0000000000000000       0x10 ./Src/sysmem.o
 .debug_macro   0x0000000000000000       0xff ./Src/sysmem.o
 .debug_macro   0x0000000000000000      0xa84 ./Src/sysmem.o
 .debug_macro   0x0000000000000000       0x10 ./Src/sysmem.o
 .debug_macro   0x0000000000000000       0x22 ./Src/sysmem.o
 .debug_macro   0x0000000000000000       0x4c ./Src/sysmem.o
 .debug_macro   0x0000000000000000       0x1e ./Src/sysmem.o
 .debug_macro   0x0000000000000000       0x94 ./Src/sysmem.o
 .debug_macro   0x0000000000000000       0x3c ./Src/sysmem.o
 .debug_macro   0x0000000000000000       0x34 ./Src/sysmem.o
 .debug_macro   0x0000000000000000      0x174 ./Src/sysmem.o
 .debug_macro   0x0000000000000000       0x16 ./Src/sysmem.o
 .debug_macro   0x0000000000000000       0x43 ./Src/sysmem.o
 .debug_macro   0x0000000000000000       0x57 ./Src/sysmem.o
 .debug_macro   0x0000000000000000       0x34 ./Src/sysmem.o
 .debug_macro   0x0000000000000000       0x10 ./Src/sysmem.o
 .debug_macro   0x0000000000000000       0x58 ./Src/sysmem.o
 .debug_macro   0x0000000000000000       0x71 ./Src/sysmem.o
 .debug_macro   0x0000000000000000       0x1c ./Src/sysmem.o
 .debug_macro   0x0000000000000000      0x12a ./Src/sysmem.o
 .debug_macro   0x0000000000000000      0x23b ./Src/sysmem.o
 .debug_macro   0x0000000000000000      0x103 ./Src/sysmem.o
 .debug_macro   0x0000000000000000       0x6a ./Src/sysmem.o
 .debug_macro   0x0000000000000000      0x1df ./Src/sysmem.o
 .debug_line    0x0000000000000000      0x4ef ./Src/sysmem.o
 .debug_str     0x0000000000000000     0x5db3 ./Src/sysmem.o
 .comment       0x0000000000000000       0x51 ./Src/sysmem.o
 .debug_frame   0x0000000000000000       0x34 ./Src/sysmem.o
 .ARM.attributes
                0x0000000000000000       0x34 ./Src/sysmem.o
 .text          0x0000000000000000       0x14 ./Startup/startup_stm32f429zitx.o
 .data          0x0000000000000000        0x0 ./Startup/startup_stm32f429zitx.o
 .bss           0x0000000000000000        0x0 ./Startup/startup_stm32f429zitx.o
 .text          0x0000000000000000        0x0 c:/st/stm32cubeide_1.11.0/stm32cubeide/plugins/com.st.stm32cube.ide.mcu.externaltools.gnu-tools-for-stm32.10.3-2021.10.win32_1.0.100.202210260954/tools/bin/../lib/gcc/arm-none-eabi/10.3.1/../../../../arm-none-eabi/lib/thumb/v7e-m+fp/hard\libc_nano.a(lib_a-errno.o)
 .data          0x0000000000000000        0x0 c:/st/stm32cubeide_1.11.0/stm32cubeide/plugins/com.st.stm32cube.ide.mcu.externaltools.gnu-tools-for-stm32.10.3-2021.10.win32_1.0.100.202210260954/tools/bin/../lib/gcc/arm-none-eabi/10.3.1/../../../../arm-none-eabi/lib/thumb/v7e-m+fp/hard\libc_nano.a(lib_a-errno.o)
 .bss           0x0000000000000000        0x0 c:/st/stm32cubeide_1.11.0/stm32cubeide/plugins/com.st.stm32cube.ide.mcu.externaltools.gnu-tools-for-stm32.10.3-2021.10.win32_1.0.100.202210260954/tools/bin/../lib/gcc/arm-none-eabi/10.3.1/../../../../arm-none-eabi/lib/thumb/v7e-m+fp/hard\libc_nano.a(lib_a-errno.o)
 .text.__errno  0x0000000000000000        0xc c:/st/stm32cubeide_1.11.0/stm32cubeide/plugins/com.st.stm32cube.ide.mcu.externaltools.gnu-tools-for-stm32.10.3-2021.10.win32_1.0.100.202210260954/tools/bin/../lib/gcc/arm-none-eabi/10.3.1/../../../../arm-none-eabi/lib/thumb/v7e-m+fp/hard\libc_nano.a(lib_a-errno.o)
 .debug_frame   0x0000000000000000       0x20 c:/st/stm32cubeide_1.11.0/stm32cubeide/plugins/com.st.stm32cube.ide.mcu.externaltools.gnu-tools-for-stm32.10.3-2021.10.win32_1.0.100.202210260954/tools/bin/../lib/gcc/arm-none-eabi/10.3.1/../../../../arm-none-eabi/lib/thumb/v7e-m+fp/hard\libc_nano.a(lib_a-errno.o)
 .ARM.attributes
                0x0000000000000000       0x34 c:/st/stm32cubeide_1.11.0/stm32cubeide/plugins/com.st.stm32cube.ide.mcu.externaltools.gnu-tools-for-stm32.10.3-2021.10.win32_1.0.100.202210260954/tools/bin/../lib/gcc/arm-none-eabi/10.3.1/../../../../arm-none-eabi/lib/thumb/v7e-m+fp/hard\libc_nano.a(lib_a-errno.o)
 .text          0x0000000000000000        0x0 c:/st/stm32cubeide_1.11.0/stm32cubeide/plugins/com.st.stm32cube.ide.mcu.externaltools.gnu-tools-for-stm32.10.3-2021.10.win32_1.0.100.202210260954/tools/bin/../lib/gcc/arm-none-eabi/10.3.1/../../../../arm-none-eabi/lib/thumb/v7e-m+fp/hard\libc_nano.a(lib_a-exit.o)
 .data          0x0000000000000000        0x0 c:/st/stm32cubeide_1.11.0/stm32cubeide/plugins/com.st.stm32cube.ide.mcu.externaltools.gnu-tools-for-stm32.10.3-2021.10.win32_1.0.100.202210260954/tools/bin/../lib/gcc/arm-none-eabi/10.3.1/../../../../arm-none-eabi/lib/thumb/v7e-m+fp/hard\libc_nano.a(lib_a-exit.o)
 .bss           0x0000000000000000        0x0 c:/st/stm32cubeide_1.11.0/stm32cubeide/plugins/com.st.stm32cube.ide.mcu.externaltools.gnu-tools-for-stm32.10.3-2021.10.win32_1.0.100.202210260954/tools/bin/../lib/gcc/arm-none-eabi/10.3.1/../../../../arm-none-eabi/lib/thumb/v7e-m+fp/hard\libc_nano.a(lib_a-exit.o)
 .text.exit     0x0000000000000000       0x28 c:/st/stm32cubeide_1.11.0/stm32cubeide/plugins/com.st.stm32cube.ide.mcu.externaltools.gnu-tools-for-stm32.10.3-2021.10.win32_1.0.100.202210260954/tools/bin/../lib/gcc/arm-none-eabi/10.3.1/../../../../arm-none-eabi/lib/thumb/v7e-m+fp/hard\libc_nano.a(lib_a-exit.o)
 .debug_frame   0x0000000000000000       0x28 c:/st/stm32cubeide_1.11.0/stm32cubeide/plugins/com.st.stm32cube.ide.mcu.externaltools.gnu-tools-for-stm32.10.3-2021.10.win32_1.0.100.202210260954/tools/bin/../lib/gcc/arm-none-eabi/10.3.1/../../../../arm-none-eabi/lib/thumb/v7e-m+fp/hard\libc_nano.a(lib_a-exit.o)
 .ARM.attributes
                0x0000000000000000       0x34 c:/st/stm32cubeide_1.11.0/stm32cubeide/plugins/com.st.stm32cube.ide.mcu.externaltools.gnu-tools-for-stm32.10.3-2021.10.win32_1.0.100.202210260954/tools/bin/../lib/gcc/arm-none-eabi/10.3.1/../../../../arm-none-eabi/lib/thumb/v7e-m+fp/hard\libc_nano.a(lib_a-exit.o)
 .text          0x0000000000000000        0x0 c:/st/stm32cubeide_1.11.0/stm32cubeide/plugins/com.st.stm32cube.ide.mcu.externaltools.gnu-tools-for-stm32.10.3-2021.10.win32_1.0.100.202210260954/tools/bin/../lib/gcc/arm-none-eabi/10.3.1/../../../../arm-none-eabi/lib/thumb/v7e-m+fp/hard\libc_nano.a(lib_a-impure.o)
 .data          0x0000000000000000        0x0 c:/st/stm32cubeide_1.11.0/stm32cubeide/plugins/com.st.stm32cube.ide.mcu.externaltools.gnu-tools-for-stm32.10.3-2021.10.win32_1.0.100.202210260954/tools/bin/../lib/gcc/arm-none-eabi/10.3.1/../../../../arm-none-eabi/lib/thumb/v7e-m+fp/hard\libc_nano.a(lib_a-impure.o)
 .bss           0x0000000000000000        0x0 c:/st/stm32cubeide_1.11.0/stm32cubeide/plugins/com.st.stm32cube.ide.mcu.externaltools.gnu-tools-for-stm32.10.3-2021.10.win32_1.0.100.202210260954/tools/bin/../lib/gcc/arm-none-eabi/10.3.1/../../../../arm-none-eabi/lib/thumb/v7e-m+fp/hard\libc_nano.a(lib_a-impure.o)
 .data._impure_ptr
                0x0000000000000000        0x4 c:/st/stm32cubeide_1.11.0/stm32cubeide/plugins/com.st.stm32cube.ide.mcu.externaltools.gnu-tools-for-stm32.10.3-2021.10.win32_1.0.100.202210260954/tools/bin/../lib/gcc/arm-none-eabi/10.3.1/../../../../arm-none-eabi/lib/thumb/v7e-m+fp/hard\libc_nano.a(lib_a-impure.o)
 .data.impure_data
                0x0000000000000000       0x60 c:/st/stm32cubeide_1.11.0/stm32cubeide/plugins/com.st.stm32cube.ide.mcu.externaltools.gnu-tools-for-stm32.10.3-2021.10.win32_1.0.100.202210260954/tools/bin/../lib/gcc/arm-none-eabi/10.3.1/../../../../arm-none-eabi/lib/thumb/v7e-m+fp/hard\libc_nano.a(lib_a-impure.o)
 .rodata._global_impure_ptr
                0x0000000000000000        0x4 c:/st/stm32cubeide_1.11.0/stm32cubeide/plugins/com.st.stm32cube.ide.mcu.externaltools.gnu-tools-for-stm32.10.3-2021.10.win32_1.0.100.202210260954/tools/bin/../lib/gcc/arm-none-eabi/10.3.1/../../../../arm-none-eabi/lib/thumb/v7e-m+fp/hard\libc_nano.a(lib_a-impure.o)
 .ARM.attributes
                0x0000000000000000       0x34 c:/st/stm32cubeide_1.11.0/stm32cubeide/plugins/com.st.stm32cube.ide.mcu.externaltools.gnu-tools-for-stm32.10.3-2021.10.win32_1.0.100.202210260954/tools/bin/../lib/gcc/arm-none-eabi/10.3.1/../../../../arm-none-eabi/lib/thumb/v7e-m+fp/hard\libc_nano.a(lib_a-impure.o)
 .text          0x0000000000000000        0x0 c:/st/stm32cubeide_1.11.0/stm32cubeide/plugins/com.st.stm32cube.ide.mcu.externaltools.gnu-tools-for-stm32.10.3-2021.10.win32_1.0.100.202210260954/tools/bin/../lib/gcc/arm-none-eabi/10.3.1/../../../../arm-none-eabi/lib/thumb/v7e-m+fp/hard\libc_nano.a(lib_a-init.o)
 .data          0x0000000000000000        0x0 c:/st/stm32cubeide_1.11.0/stm32cubeide/plugins/com.st.stm32cube.ide.mcu.externaltools.gnu-tools-for-stm32.10.3-2021.10.win32_1.0.100.202210260954/tools/bin/../lib/gcc/arm-none-eabi/10.3.1/../../../../arm-none-eabi/lib/thumb/v7e-m+fp/hard\libc_nano.a(lib_a-init.o)
 .bss           0x0000000000000000        0x0 c:/st/stm32cubeide_1.11.0/stm32cubeide/plugins/com.st.stm32cube.ide.mcu.externaltools.gnu-tools-for-stm32.10.3-2021.10.win32_1.0.100.202210260954/tools/bin/../lib/gcc/arm-none-eabi/10.3.1/../../../../arm-none-eabi/lib/thumb/v7e-m+fp/hard\libc_nano.a(lib_a-init.o)
 .text          0x0000000000000000        0x0 c:/st/stm32cubeide_1.11.0/stm32cubeide/plugins/com.st.stm32cube.ide.mcu.externaltools.gnu-tools-for-stm32.10.3-2021.10.win32_1.0.100.202210260954/tools/bin/../lib/gcc/arm-none-eabi/10.3.1/../../../../arm-none-eabi/lib/thumb/v7e-m+fp/hard\libc_nano.a(lib_a-memset.o)
 .data          0x0000000000000000        0x0 c:/st/stm32cubeide_1.11.0/stm32cubeide/plugins/com.st.stm32cube.ide.mcu.externaltools.gnu-tools-for-stm32.10.3-2021.10.win32_1.0.100.202210260954/tools/bin/../lib/gcc/arm-none-eabi/10.3.1/../../../../arm-none-eabi/lib/thumb/v7e-m+fp/hard\libc_nano.a(lib_a-memset.o)
 .bss           0x0000000000000000        0x0 c:/st/stm32cubeide_1.11.0/stm32cubeide/plugins/com.st.stm32cube.ide.mcu.externaltools.gnu-tools-for-stm32.10.3-2021.10.win32_1.0.100.202210260954/tools/bin/../lib/gcc/arm-none-eabi/10.3.1/../../../../arm-none-eabi/lib/thumb/v7e-m+fp/hard\libc_nano.a(lib_a-memset.o)
 .text          0x0000000000000000        0x0 c:/st/stm32cubeide_1.11.0/stm32cubeide/plugins/com.st.stm32cube.ide.mcu.externaltools.gnu-tools-for-stm32.10.3-2021.10.win32_1.0.100.202210260954/tools/bin/../lib/gcc/arm-none-eabi/10.3.1/thumb/v7e-m+fp/hard/crtend.o
 .data          0x0000000000000000        0x0 c:/st/stm32cubeide_1.11.0/stm32cubeide/plugins/com.st.stm32cube.ide.mcu.externaltools.gnu-tools-for-stm32.10.3-2021.10.win32_1.0.100.202210260954/tools/bin/../lib/gcc/arm-none-eabi/10.3.1/thumb/v7e-m+fp/hard/crtend.o
 .bss           0x0000000000000000        0x0 c:/st/stm32cubeide_1.11.0/stm32cubeide/plugins/com.st.stm32cube.ide.mcu.externaltools.gnu-tools-for-stm32.10.3-2021.10.win32_1.0.100.202210260954/tools/bin/../lib/gcc/arm-none-eabi/10.3.1/thumb/v7e-m+fp/hard/crtend.o
 .rodata        0x0000000000000000       0x24 c:/st/stm32cubeide_1.11.0/stm32cubeide/plugins/com.st.stm32cube.ide.mcu.externaltools.gnu-tools-for-stm32.10.3-2021.10.win32_1.0.100.202210260954/tools/bin/../lib/gcc/arm-none-eabi/10.3.1/thumb/v7e-m+fp/hard/crtend.o
 .eh_frame      0x0000000000000000        0x4 c:/st/stm32cubeide_1.11.0/stm32cubeide/plugins/com.st.stm32cube.ide.mcu.externaltools.gnu-tools-for-stm32.10.3-2021.10.win32_1.0.100.202210260954/tools/bin/../lib/gcc/arm-none-eabi/10.3.1/thumb/v7e-m+fp/hard/crtend.o
 .ARM.attributes
                0x0000000000000000       0x34 c:/st/stm32cubeide_1.11.0/stm32cubeide/plugins/com.st.stm32cube.ide.mcu.externaltools.gnu-tools-for-stm32.10.3-2021.10.win32_1.0.100.202210260954/tools/bin/../lib/gcc/arm-none-eabi/10.3.1/thumb/v7e-m+fp/hard/crtend.o
 .text          0x0000000000000000        0x0 c:/st/stm32cubeide_1.11.0/stm32cubeide/plugins/com.st.stm32cube.ide.mcu.externaltools.gnu-tools-for-stm32.10.3-2021.10.win32_1.0.100.202210260954/tools/bin/../lib/gcc/arm-none-eabi/10.3.1/thumb/v7e-m+fp/hard/crtn.o
 .data          0x0000000000000000        0x0 c:/st/stm32cubeide_1.11.0/stm32cubeide/plugins/com.st.stm32cube.ide.mcu.externaltools.gnu-tools-for-stm32.10.3-2021.10.win32_1.0.100.202210260954/tools/bin/../lib/gcc/arm-none-eabi/10.3.1/thumb/v7e-m+fp/hard/crtn.o
 .bss           0x0000000000000000        0x0 c:/st/stm32cubeide_1.11.0/stm32cubeide/plugins/com.st.stm32cube.ide.mcu.externaltools.gnu-tools-for-stm32.10.3-2021.10.win32_1.0.100.202210260954/tools/bin/../lib/gcc/arm-none-eabi/10.3.1/thumb/v7e-m+fp/hard/crtn.o

Memory Configuration

Name             Origin             Length             Attributes
CCMRAM           0x0000000010000000 0x0000000000010000 xrw
RAM              0x0000000020000000 0x0000000000030000 xrw
FLASH            0x0000000008000000 0x0000000000200000 xr
*default*        0x0000000000000000 0xffffffffffffffff

Linker script and memory map

LOAD c:/st/stm32cubeide_1.11.0/stm32cubeide/plugins/com.st.stm32cube.ide.mcu.externaltools.gnu-tools-for-stm32.10.3-2021.10.win32_1.0.100.202210260954/tools/bin/../lib/gcc/arm-none-eabi/10.3.1/thumb/v7e-m+fp/hard/crti.o
LOAD c:/st/stm32cubeide_1.11.0/stm32cubeide/plugins/com.st.stm32cube.ide.mcu.externaltools.gnu-tools-for-stm32.10.3-2021.10.win32_1.0.100.202210260954/tools/bin/../lib/gcc/arm-none-eabi/10.3.1/thumb/v7e-m+fp/hard/crtbegin.o
LOAD c:/st/stm32cubeide_1.11.0/stm32cubeide/plugins/com.st.stm32cube.ide.mcu.externaltools.gnu-tools-for-stm32.10.3-2021.10.win32_1.0.100.202210260954/tools/bin/../lib/gcc/arm-none-eabi/10.3.1/../../../../arm-none-eabi/lib/thumb/v7e-m+fp/hard/crt0.o
LOAD ./MyDrivers/Src/EXTI.o
LOAD ./MyDrivers/Src/GPIO.o
LOAD ./MyDrivers/Src/I2C.o
LOAD ./MyDrivers/Src/RCC.o
LOAD ./MyDrivers/Src/SPI.o
LOAD ./MyDrivers/Src/USART.o
LOAD ./Src/main.o
LOAD ./Src/syscalls.o
LOAD ./Src/sysmem.o
LOAD ./Startup/startup_stm32f429zitx.o
START GROUP
LOAD c:/st/stm32cubeide_1.11.0/stm32cubeide/plugins/com.st.stm32cube.ide.mcu.externaltools.gnu-tools-for-stm32.10.3-2021.10.win32_1.0.100.202210260954/tools/bin/../lib/gcc/arm-none-eabi/10.3.1/../../../../arm-none-eabi/lib/thumb/v7e-m+fp/hard\libc_nano.a
LOAD c:/st/stm32cubeide_1.11.0/stm32cubeide/plugins/com.st.stm32cube.ide.mcu.externaltools.gnu-tools-for-stm32.10.3-2021.10.win32_1.0.100.202210260954/tools/bin/../lib/gcc/arm-none-eabi/10.3.1/../../../../arm-none-eabi/lib/thumb/v7e-m+fp/hard\libm.a
END GROUP
START GROUP
LOAD c:/st/stm32cubeide_1.11.0/stm32cubeide/plugins/com.st.stm32cube.ide.mcu.externaltools.gnu-tools-for-stm32.10.3-2021.10.win32_1.0.100.202210260954/tools/bin/../lib/gcc/arm-none-eabi/10.3.1/thumb/v7e-m+fp/hard\libgcc.a
LOAD c:/st/stm32cubeide_1.11.0/stm32cubeide/plugins/com.st.stm32cube.ide.mcu.externaltools.gnu-tools-for-stm32.10.3-2021.10.win32_1.0.100.202210260954/tools/bin/../lib/gcc/arm-none-eabi/10.3.1/../../../../arm-none-eabi/lib/thumb/v7e-m+fp/hard\libc_nano.a
END GROUP
START GROUP
LOAD c:/st/stm32cubeide_1.11.0/stm32cubeide/plugins/com.st.stm32cube.ide.mcu.externaltools.gnu-tools-for-stm32.10.3-2021.10.win32_1.0.100.202210260954/tools/bin/../lib/gcc/arm-none-eabi/10.3.1/thumb/v7e-m+fp/hard\libgcc.a
LOAD c:/st/stm32cubeide_1.11.0/stm32cubeide/plugins/com.st.stm32cube.ide.mcu.externaltools.gnu-tools-for-stm32.10.3-2021.10.win32_1.0.100.202210260954/tools/bin/../lib/gcc/arm-none-eabi/10.3.1/../../../../arm-none-eabi/lib/thumb/v7e-m+fp/hard\libc_nano.a
LOAD c:/st/stm32cubeide_1.11.0/stm32cubeide/plugins/com.st.stm32cube.ide.mcu.externaltools.gnu-tools-for-stm32.10.3-2021.10.win32_1.0.100.202210260954/tools/bin/../lib/gcc/arm-none-eabi/10.3.1/../../../../arm-none-eabi/lib/thumb/v7e-m+fp/hard\libnosys.a
END GROUP
START GROUP
LOAD c:/st/stm32cubeide_1.11.0/stm32cubeide/plugins/com.st.stm32cube.ide.mcu.externaltools.gnu-tools-for-stm32.10.3-2021.10.win32_1.0.100.202210260954/tools/bin/../lib/gcc/arm-none-eabi/10.3.1/thumb/v7e-m+fp/hard\libgcc.a
LOAD c:/st/stm32cubeide_1.11.0/stm32cubeide/plugins/com.st.stm32cube.ide.mcu.externaltools.gnu-tools-for-stm32.10.3-2021.10.win32_1.0.100.202210260954/tools/bin/../lib/gcc/arm-none-eabi/10.3.1/../../../../arm-none-eabi/lib/thumb/v7e-m+fp/hard\libc_nano.a
LOAD c:/st/stm32cubeide_1.11.0/stm32cubeide/plugins/com.st.stm32cube.ide.mcu.externaltools.gnu-tools-for-stm32.10.3-2021.10.win32_1.0.100.202210260954/tools/bin/../lib/gcc/arm-none-eabi/10.3.1/../../../../arm-none-eabi/lib/thumb/v7e-m+fp/hard\libnosys.a
END GROUP
LOAD c:/st/stm32cubeide_1.11.0/stm32cubeide/plugins/com.st.stm32cube.ide.mcu.externaltools.gnu-tools-for-stm32.10.3-2021.10.win32_1.0.100.202210260954/tools/bin/../lib/gcc/arm-none-eabi/10.3.1/thumb/v7e-m+fp/hard/crtend.o
LOAD c:/st/stm32cubeide_1.11.0/stm32cubeide/plugins/com.st.stm32cube.ide.mcu.externaltools.gnu-tools-for-stm32.10.3-2021.10.win32_1.0.100.202210260954/tools/bin/../lib/gcc/arm-none-eabi/10.3.1/thumb/v7e-m+fp/hard/crtn.o
                0x0000000020030000                _estack = (ORIGIN (RAM) + LENGTH (RAM))
                0x0000000000000200                _Min_Heap_Size = 0x200
                0x0000000000000400                _Min_Stack_Size = 0x400

.isr_vector     0x0000000008000000      0x1ac
                0x0000000008000000                . = ALIGN (0x4)
 *(.isr_vector)
 .isr_vector    0x0000000008000000      0x1ac ./Startup/startup_stm32f429zitx.o
                0x0000000008000000                g_pfnVectors
                0x00000000080001ac                . = ALIGN (0x4)

.text           0x00000000080001ac      0x660
                0x00000000080001ac                . = ALIGN (0x4)
 *(.text)
 .text          0x00000000080001ac       0x40 c:/st/stm32cubeide_1.11.0/stm32cubeide/plugins/com.st.stm32cube.ide.mcu.externaltools.gnu-tools-for-stm32.10.3-2021.10.win32_1.0.100.202210260954/tools/bin/../lib/gcc/arm-none-eabi/10.3.1/thumb/v7e-m+fp/hard/crtbegin.o
 *(.text*)
 .text.EXTI_LineConfig
                0x00000000080001ec       0x68 ./MyDrivers/Src/EXTI.o
                0x00000000080001ec                EXTI_LineConfig
 .text.EXTI_Init
                0x0000000008000254      0x124 ./MyDrivers/Src/EXTI.o
                0x0000000008000254                EXTI_Init
 .text.NVIC_EnableInterrupt
                0x0000000008000378       0x68 ./MyDrivers/Src/EXTI.o
                0x0000000008000378                NVIC_EnableInterrupt
 .text.GPIO_Init
                0x00000000080003e0      0x11a ./MyDrivers/Src/GPIO.o
                0x00000000080003e0                GPIO_Init
 .text.GPIO_WritePin
                0x00000000080004fa       0x34 ./MyDrivers/Src/GPIO.o
                0x00000000080004fa                GPIO_WritePin
 .text.I2C_PeriphCmd
                0x000000000800052e       0x38 ./MyDrivers/Src/I2C.o
                0x000000000800052e                I2C_PeriphCmd
 .text.SPI_InterruptHandler
                0x0000000008000566       0x78 ./MyDrivers/Src/SPI.o
                0x0000000008000566                SPI_InterruptHandler
 *fill*         0x00000000080005de        0x2 
 .text.main     0x00000000080005e0       0x28 ./Src/main.o
                0x00000000080005e0                main
 .text.EXTI15_10_IRQHandler
                0x0000000008000608       0x34 ./Src/main.o
                0x0000000008000608                EXTI15_10_IRQHandler
 .text.GPIO_LedConfig
                0x000000000800063c       0xa0 ./Src/main.o
 .text.GPIO_ButtonInterruptConfig
                0x00000000080006dc       0x58 ./Src/main.o
 .text.SPI1_IRQHandler
                0x0000000008000734       0x14 ./Src/main.o
                0x0000000008000734                SPI1_IRQHandler
 .text.Reset_Handler
                0x0000000008000748       0x50 ./Startup/startup_stm32f429zitx.o
                0x0000000008000748                Reset_Handler
 .text.Default_Handler
                0x0000000008000798        0x2 ./Startup/startup_stm32f429zitx.o
                0x0000000008000798                RTC_Alarm_IRQHandler
                0x0000000008000798                HASH_RNG_IRQHandler
                0x0000000008000798                EXTI2_IRQHandler
                0x0000000008000798                TIM8_CC_IRQHandler
                0x0000000008000798                DebugMon_Handler
                0x0000000008000798                UART8_IRQHandler
                0x0000000008000798                SPI4_IRQHandler
                0x0000000008000798                TIM1_CC_IRQHandler
                0x0000000008000798                DMA2_Stream5_IRQHandler
                0x0000000008000798                HardFault_Handler
                0x0000000008000798                DMA1_Stream5_IRQHandler
                0x0000000008000798                SysTick_Handler
                0x0000000008000798                PVD_IRQHandler
                0x0000000008000798                SDIO_IRQHandler
                0x0000000008000798                TAMP_STAMP_IRQHandler
                0x0000000008000798                PendSV_Handler
                0x0000000008000798                NMI_Handler
                0x0000000008000798                CAN2_RX1_IRQHandler
                0x0000000008000798                EXTI3_IRQHandler
                0x0000000008000798                TIM8_TRG_COM_TIM14_IRQHandler
                0x0000000008000798                TIM1_UP_TIM10_IRQHandler
                0x0000000008000798                TIM8_UP_TIM13_IRQHandler
                0x0000000008000798                I2C3_ER_IRQHandler
                0x0000000008000798                LCD_TFT_IRQHandler
                0x0000000008000798                EXTI0_IRQHandler
                0x0000000008000798                I2C2_EV_IRQHandler
                0x0000000008000798                DMA1_Stream2_IRQHandler
                0x0000000008000798                CAN1_RX0_IRQHandler
                0x0000000008000798                FPU_IRQHandler
                0x0000000008000798                OTG_HS_WKUP_IRQHandler
                0x0000000008000798                UsageFault_Handler
                0x0000000008000798                CAN2_SCE_IRQHandler
                0x0000000008000798                DMA2_Stream2_IRQHandler
                0x0000000008000798                TIM6_DAC_IRQHandler
                0x0000000008000798                TIM1_BRK_TIM9_IRQHandler
                0x0000000008000798                DCMI_IRQHandler
                0x0000000008000798                CAN2_RX0_IRQHandler
                0x0000000008000798                DMA2_Stream3_IRQHandler
                0x0000000008000798                USART6_IRQHandler
                0x0000000008000798                USART3_IRQHandler
                0x0000000008000798                CRYP_IRQHandler
                0x0000000008000798                CAN1_RX1_IRQHandler
                0x0000000008000798                UART5_IRQHandler
                0x0000000008000798                DMA2_Stream0_IRQHandler
                0x0000000008000798                TIM4_IRQHandler
                0x0000000008000798                I2C1_EV_IRQHandler
                0x0000000008000798                DMA1_Stream6_IRQHandler
                0x0000000008000798                DMA1_Stream1_IRQHandler
                0x0000000008000798                UART4_IRQHandler
                0x0000000008000798                LCD_TFT_1_IRQHandler
                0x0000000008000798                TIM3_IRQHandler
                0x0000000008000798                RCC_IRQHandler
                0x0000000008000798                TIM8_BRK_TIM12_IRQHandler
                0x0000000008000798                Default_Handler
                0x0000000008000798                ADC_IRQHandler
                0x0000000008000798                DMA1_Stream7_IRQHandler
                0x0000000008000798                SPI5_IRQHandler
                0x0000000008000798                TIM7_IRQHandler
                0x0000000008000798                CAN2_TX_IRQHandler
                0x0000000008000798                TIM5_IRQHandler
                0x0000000008000798                DMA2_Stream7_IRQHandler
                0x0000000008000798                I2C3_EV_IRQHandler
                0x0000000008000798                EXTI9_5_IRQHandler
                0x0000000008000798                RTC_WKUP_IRQHandler
                0x0000000008000798                ETH_WKUP_IRQHandler
                0x0000000008000798                SPI2_IRQHandler
                0x0000000008000798                OTG_HS_EP1_IN_IRQHandler
                0x0000000008000798                MemManage_Handler
                0x0000000008000798                DMA1_Stream0_IRQHandler
                0x0000000008000798                CAN1_TX_IRQHandler
                0x0000000008000798                SVC_Handler
                0x0000000008000798                EXTI4_IRQHandler
                0x0000000008000798                ETH_IRQHandler
                0x0000000008000798                OTG_HS_EP1_OUT_IRQHandler
                0x0000000008000798                WWDG_IRQHandler
                0x0000000008000798                SPI6_IRQHandler
                0x0000000008000798                TIM2_IRQHandler
                0x0000000008000798                OTG_FS_WKUP_IRQHandler
                0x0000000008000798                TIM1_TRG_COM_TIM11_IRQHandler
                0x0000000008000798                OTG_HS_IRQHandler
                0x0000000008000798                DMA2D_IRQHandler
                0x0000000008000798                EXTI1_IRQHandler
                0x0000000008000798                UART7_IRQHandler
                0x0000000008000798                USART2_IRQHandler
                0x0000000008000798                I2C2_ER_IRQHandler
                0x0000000008000798                DMA2_Stream1_IRQHandler
                0x0000000008000798                CAN1_SCE_IRQHandler
                0x0000000008000798                FLASH_IRQHandler
                0x0000000008000798                DMA2_Stream4_IRQHandler
                0x0000000008000798                BusFault_Handler
                0x0000000008000798                USART1_IRQHandler
                0x0000000008000798                OTG_FS_IRQHandler
                0x0000000008000798                SPI3_IRQHandler
                0x0000000008000798                DMA1_Stream4_IRQHandler
                0x0000000008000798                I2C1_ER_IRQHandler
                0x0000000008000798                FMC_IRQHandler
                0x0000000008000798                DMA2_Stream6_IRQHandler
                0x0000000008000798                SAI1_IRQHandler
                0x0000000008000798                DMA1_Stream3_IRQHandler
 *fill*         0x000000000800079a        0x2 
 .text.__libc_init_array
                0x000000000800079c       0x48 c:/st/stm32cubeide_1.11.0/stm32cubeide/plugins/com.st.stm32cube.ide.mcu.externaltools.gnu-tools-for-stm32.10.3-2021.10.win32_1.0.100.202210260954/tools/bin/../lib/gcc/arm-none-eabi/10.3.1/../../../../arm-none-eabi/lib/thumb/v7e-m+fp/hard\libc_nano.a(lib_a-init.o)
                0x000000000800079c                __libc_init_array
 .text.memset   0x00000000080007e4       0x10 c:/st/stm32cubeide_1.11.0/stm32cubeide/plugins/com.st.stm32cube.ide.mcu.externaltools.gnu-tools-for-stm32.10.3-2021.10.win32_1.0.100.202210260954/tools/bin/../lib/gcc/arm-none-eabi/10.3.1/../../../../arm-none-eabi/lib/thumb/v7e-m+fp/hard\libc_nano.a(lib_a-memset.o)
                0x00000000080007e4                memset
 *(.glue_7)
 .glue_7        0x00000000080007f4        0x0 linker stubs
 *(.glue_7t)
 .glue_7t       0x00000000080007f4        0x0 linker stubs
 *(.eh_frame)
 .eh_frame      0x00000000080007f4        0x0 c:/st/stm32cubeide_1.11.0/stm32cubeide/plugins/com.st.stm32cube.ide.mcu.externaltools.gnu-tools-for-stm32.10.3-2021.10.win32_1.0.100.202210260954/tools/bin/../lib/gcc/arm-none-eabi/10.3.1/thumb/v7e-m+fp/hard/crtbegin.o
 *(.init)
 .init          0x00000000080007f4        0x4 c:/st/stm32cubeide_1.11.0/stm32cubeide/plugins/com.st.stm32cube.ide.mcu.externaltools.gnu-tools-for-stm32.10.3-2021.10.win32_1.0.100.202210260954/tools/bin/../lib/gcc/arm-none-eabi/10.3.1/thumb/v7e-m+fp/hard/crti.o
                0x00000000080007f4                _init
 .init          0x00000000080007f8        0x8 c:/st/stm32cubeide_1.11.0/stm32cubeide/plugins/com.st.stm32cube.ide.mcu.externaltools.gnu-tools-for-stm32.10.3-2021.10.win32_1.0.100.202210260954/tools/bin/../lib/gcc/arm-none-eabi/10.3.1/thumb/v7e-m+fp/hard/crtn.o
 *(.fini)
 .fini          0x0000000008000800        0x4 c:/st/stm32cubeide_1.11.0/stm32cubeide/plugins/com.st.stm32cube.ide.mcu.externaltools.gnu-tools-for-stm32.10.3-2021.10.win32_1.0.100.202210260954/tools/bin/../lib/gcc/arm-none-eabi/10.3.1/thumb/v7e-m+fp/hard/crti.o
                0x0000000008000800                _fini
 .fini          0x0000000008000804        0x8 c:/st/stm32cubeide_1.11.0/stm32cubeide/plugins/com.st.stm32cube.ide.mcu.externaltools.gnu-tools-for-stm32.10.3-2021.10.win32_1.0.100.202210260954/tools/bin/../lib/gcc/arm-none-eabi/10.3.1/thumb/v7e-m+fp/hard/crtn.o
                0x000000000800080c                . = ALIGN (0x4)
                0x000000000800080c                _etext = .

.vfp11_veneer   0x000000000800080c        0x0
 .vfp11_veneer  0x000000000800080c        0x0 linker stubs

.v4_bx          0x000000000800080c        0x0
 .v4_bx         0x000000000800080c        0x0 linker stubs

.iplt           0x000000000800080c        0x0
 .iplt          0x000000000800080c        0x0 c:/st/stm32cubeide_1.11.0/stm32cubeide/plugins/com.st.stm32cube.ide.mcu.externaltools.gnu-tools-for-stm32.10.3-2021.10.win32_1.0.100.202210260954/tools/bin/../lib/gcc/arm-none-eabi/10.3.1/thumb/v7e-m+fp/hard/crtbegin.o

.rel.dyn        0x000000000800080c        0x0
 .rel.iplt      0x000000000800080c        0x0 c:/st/stm32cubeide_1.11.0/stm32cubeide/plugins/com.st.stm32cube.ide.mcu.externaltools.gnu-tools-for-stm32.10.3-2021.10.win32_1.0.100.202210260954/tools/bin/../lib/gcc/arm-none-eabi/10.3.1/thumb/v7e-m+fp/hard/crtbegin.o

.rodata         0x000000000800080c        0x0
                0x000000000800080c                . = ALIGN (0x4)
 *(.rodata)
 *(.rodata*)
                0x000000000800080c                . = ALIGN (0x4)

.ARM.extab      0x000000000800080c        0x0
                0x000000000800080c                . = ALIGN (0x4)
 *(.ARM.extab* .gnu.linkonce.armextab.*)
                0x000000000800080c                . = ALIGN (0x4)

.ARM            0x000000000800080c        0x0
                0x000000000800080c                . = ALIGN (0x4)
                0x000000000800080c                __exidx_start = .
 *(.ARM.exidx*)
                0x000000000800080c                __exidx_end = .
                0x000000000800080c                . = ALIGN (0x4)

.preinit_array  0x000000000800080c        0x0
                0x000000000800080c                . = ALIGN (0x4)
                0x000000000800080c                PROVIDE (__preinit_array_start = .)
 *(.preinit_array*)
                0x000000000800080c                PROVIDE (__preinit_array_end = .)
                0x000000000800080c                . = ALIGN (0x4)

.init_array     0x000000000800080c        0x4
                0x000000000800080c                . = ALIGN (0x4)
                0x000000000800080c                PROVIDE (__init_array_start = .)
 *(SORT_BY_NAME(.init_array.*))
 *(.init_array*)
 .init_array    0x000000000800080c        0x4 c:/st/stm32cubeide_1.11.0/stm32cubeide/plugins/com.st.stm32cube.ide.mcu.externaltools.gnu-tools-for-stm32.10.3-2021.10.win32_1.0.100.202210260954/tools/bin/../lib/gcc/arm-none-eabi/10.3.1/thumb/v7e-m+fp/hard/crtbegin.o
                0x0000000008000810                PROVIDE (__init_array_end = .)
                0x0000000008000810                . = ALIGN (0x4)

.fini_array     0x0000000008000810        0x4
                0x0000000008000810                . = ALIGN (0x4)
                [!provide]                        PROVIDE (__fini_array_start = .)
 *(SORT_BY_NAME(.fini_array.*))
 *(.fini_array*)
 .fini_array    0x0000000008000810        0x4 c:/st/stm32cubeide_1.11.0/stm32cubeide/plugins/com.st.stm32cube.ide.mcu.externaltools.gnu-tools-for-stm32.10.3-2021.10.win32_1.0.100.202210260954/tools/bin/../lib/gcc/arm-none-eabi/10.3.1/thumb/v7e-m+fp/hard/crtbegin.o
                [!provide]                        PROVIDE (__fini_array_end = .)
                0x0000000008000814                . = ALIGN (0x4)
                0x0000000008000814                _sidata = LOADADDR (.data)

.data           0x0000000020000000        0x0 load address 0x0000000008000814
                0x0000000020000000                . = ALIGN (0x4)
                0x0000000020000000                _sdata = .
 *(.data)
 *(.data*)
 *(.RamFunc)
 *(.RamFunc*)
                0x0000000020000000                . = ALIGN (0x4)
                0x0000000020000000                _edata = .
                0x0000000008000814                _siccmram = LOADADDR (.ccmram)

.igot.plt       0x0000000020000000        0x0 load address 0x0000000008000814
 .igot.plt      0x0000000020000000        0x0 c:/st/stm32cubeide_1.11.0/stm32cubeide/plugins/com.st.stm32cube.ide.mcu.externaltools.gnu-tools-for-stm32.10.3-2021.10.win32_1.0.100.202210260954/tools/bin/../lib/gcc/arm-none-eabi/10.3.1/thumb/v7e-m+fp/hard/crtbegin.o

.ccmram         0x0000000010000000        0x0 load address 0x0000000008000814
                0x0000000010000000                . = ALIGN (0x4)
                0x0000000010000000                _sccmram = .
 *(.ccmram)
 *(.ccmram*)
                0x0000000010000000                . = ALIGN (0x4)
                0x0000000010000000                _eccmram = .
                0x0000000010000000                . = ALIGN (0x4)

.bss            0x0000000020000000       0x78
                0x0000000020000000                _sbss = .
                0x0000000020000000                __bss_start__ = _sbss
 *(.bss)
 .bss           0x0000000020000000       0x1c c:/st/stm32cubeide_1.11.0/stm32cubeide/plugins/com.st.stm32cube.ide.mcu.externaltools.gnu-tools-for-stm32.10.3-2021.10.win32_1.0.100.202210260954/tools/bin/../lib/gcc/arm-none-eabi/10.3.1/thumb/v7e-m+fp/hard/crtbegin.o
 *(.bss*)
 .bss.SPI_Handle
                0x000000002000001c       0x40 ./Src/main.o
                0x000000002000001c                SPI_Handle
 .bss.I2C_Handle
                0x000000002000005c       0x1c ./Src/main.o
                0x000000002000005c                I2C_Handle
 *(COMMON)
                0x0000000020000078                . = ALIGN (0x4)
                0x0000000020000078                _ebss = .
                0x0000000020000078                __bss_end__ = _ebss

._user_heap_stack
                0x0000000020000078      0x600
                0x0000000020000078                . = ALIGN (0x8)
                [!provide]                        PROVIDE (end = .)
                0x0000000020000078                PROVIDE (_end = .)
                0x0000000020000278                . = (. + _Min_Heap_Size)
 *fill*         0x0000000020000078      0x200 
                0x0000000020000678                . = (. + _Min_Stack_Size)
 *fill*         0x0000000020000278      0x400 
                0x0000000020000678                . = ALIGN (0x8)

/DISCARD/
 libc.a(*)
 libm.a(*)
 libgcc.a(*)

.ARM.attributes
                0x0000000000000000       0x30
 *(.ARM.attributes)
 .ARM.attributes
                0x0000000000000000       0x1e c:/st/stm32cubeide_1.11.0/stm32cubeide/plugins/com.st.stm32cube.ide.mcu.externaltools.gnu-tools-for-stm32.10.3-2021.10.win32_1.0.100.202210260954/tools/bin/../lib/gcc/arm-none-eabi/10.3.1/thumb/v7e-m+fp/hard/crti.o
 .ARM.attributes
                0x000000000000001e       0x34 c:/st/stm32cubeide_1.11.0/stm32cubeide/plugins/com.st.stm32cube.ide.mcu.externaltools.gnu-tools-for-stm32.10.3-2021.10.win32_1.0.100.202210260954/tools/bin/../lib/gcc/arm-none-eabi/10.3.1/thumb/v7e-m+fp/hard/crtbegin.o
 .ARM.attributes
                0x0000000000000052       0x34 ./MyDrivers/Src/EXTI.o
 .ARM.attributes
                0x0000000000000086       0x34 ./MyDrivers/Src/GPIO.o
 .ARM.attributes
                0x00000000000000ba       0x34 ./MyDrivers/Src/I2C.o
 .ARM.attributes
                0x00000000000000ee       0x34 ./MyDrivers/Src/SPI.o
 .ARM.attributes
                0x0000000000000122       0x34 ./Src/main.o
 .ARM.attributes
                0x0000000000000156       0x21 ./Startup/startup_stm32f429zitx.o
 .ARM.attributes
                0x0000000000000177       0x34 c:/st/stm32cubeide_1.11.0/stm32cubeide/plugins/com.st.stm32cube.ide.mcu.externaltools.gnu-tools-for-stm32.10.3-2021.10.win32_1.0.100.202210260954/tools/bin/../lib/gcc/arm-none-eabi/10.3.1/../../../../arm-none-eabi/lib/thumb/v7e-m+fp/hard\libc_nano.a(lib_a-init.o)
 .ARM.attributes
                0x00000000000001ab       0x34 c:/st/stm32cubeide_1.11.0/stm32cubeide/plugins/com.st.stm32cube.ide.mcu.externaltools.gnu-tools-for-stm32.10.3-2021.10.win32_1.0.100.202210260954/tools/bin/../lib/gcc/arm-none-eabi/10.3.1/../../../../arm-none-eabi/lib/thumb/v7e-m+fp/hard\libc_nano.a(lib_a-memset.o)
 .ARM.attributes
                0x00000000000001df       0x1e c:/st/stm32cubeide_1.11.0/stm32cubeide/plugins/com.st.stm32cube.ide.mcu.externaltools.gnu-tools-for-stm32.10.3-2021.10.win32_1.0.100.202210260954/tools/bin/../lib/gcc/arm-none-eabi/10.3.1/thumb/v7e-m+fp/hard/crtn.o
OUTPUT(DriverDevelopment.elf elf32-littlearm)
LOAD linker stubs
LOAD c:/st/stm32cubeide_1.11.0/stm32cubeide/plugins/com.st.stm32cube.ide.mcu.externaltools.gnu-tools-for-stm32.10.3-2021.10.win32_1.0.100.202210260954/tools/bin/../lib/gcc/arm-none-eabi/10.3.1/../../../../arm-none-eabi/lib/thumb/v7e-m+fp/hard\libc.a
LOAD c:/st/stm32cubeide_1.11.0/stm32cubeide/plugins/com.st.stm32cube.ide.mcu.externaltools.gnu-tools-for-stm32.10.3-2021.10.win32_1.0.100.202210260954/tools/bin/../lib/gcc/arm-none-eabi/10.3.1/../../../../arm-none-eabi/lib/thumb/v7e-m+fp/hard\libm.a
LOAD c:/st/stm32cubeide_1.11.0/stm32cubeide/plugins/com.st.stm32cube.ide.mcu.externaltools.gnu-tools-for-stm32.10.3-2021.10.win32_1.0.100.202210260954/tools/bin/../lib/gcc/arm-none-eabi/10.3.1/thumb/v7e-m+fp/hard\libgcc.a

.debug_info     0x0000000000000000     0x1aea
 .debug_info    0x0000000000000000      0x2d5 ./MyDrivers/Src/EXTI.o
 .debug_info    0x00000000000002d5      0x379 ./MyDrivers/Src/GPIO.o
 .debug_info    0x000000000000064e      0x28f ./MyDrivers/Src/I2C.o
 .debug_info    0x00000000000008dd      0x61a ./MyDrivers/Src/SPI.o
 .debug_info    0x0000000000000ef7      0xbd1 ./Src/main.o
 .debug_info    0x0000000000001ac8       0x22 ./Startup/startup_stm32f429zitx.o

.debug_abbrev   0x0000000000000000      0x671
 .debug_abbrev  0x0000000000000000      0x103 ./MyDrivers/Src/EXTI.o
 .debug_abbrev  0x0000000000000103      0x110 ./MyDrivers/Src/GPIO.o
 .debug_abbrev  0x0000000000000213      0x10d ./MyDrivers/Src/I2C.o
 .debug_abbrev  0x0000000000000320      0x1bc ./MyDrivers/Src/SPI.o
 .debug_abbrev  0x00000000000004dc      0x183 ./Src/main.o
 .debug_abbrev  0x000000000000065f       0x12 ./Startup/startup_stm32f429zitx.o

.debug_aranges  0x0000000000000000      0x1a0
 .debug_aranges
                0x0000000000000000       0x30 ./MyDrivers/Src/EXTI.o
 .debug_aranges
                0x0000000000000030       0x40 ./MyDrivers/Src/GPIO.o
 .debug_aranges
                0x0000000000000070       0x28 ./MyDrivers/Src/I2C.o
 .debug_aranges
                0x0000000000000098       0x88 ./MyDrivers/Src/SPI.o
 .debug_aranges
                0x0000000000000120       0x58 ./Src/main.o
 .debug_aranges
                0x0000000000000178       0x28 ./Startup/startup_stm32f429zitx.o

.debug_ranges   0x0000000000000000      0x160
 .debug_ranges  0x0000000000000000       0x20 ./MyDrivers/Src/EXTI.o
 .debug_ranges  0x0000000000000020       0x30 ./MyDrivers/Src/GPIO.o
 .debug_ranges  0x0000000000000050       0x30 ./MyDrivers/Src/I2C.o
 .debug_ranges  0x0000000000000080       0x78 ./MyDrivers/Src/SPI.o
 .debug_ranges  0x00000000000000f8       0x48 ./Src/main.o
 .debug_ranges  0x0000000000000140       0x20 ./Startup/startup_stm32f429zitx.o

.debug_macro    0x0000000000000000     0x2a96
 .debug_macro   0x0000000000000000      0x195 ./MyDrivers/Src/EXTI.o
 .debug_macro   0x0000000000000195      0xa84 ./MyDrivers/Src/EXTI.o
 .debug_macro   0x0000000000000c19       0x22 ./MyDrivers/Src/EXTI.o
 .debug_macro   0x0000000000000c3b       0x8e ./MyDrivers/Src/EXTI.o
 .debug_macro   0x0000000000000cc9       0x51 ./MyDrivers/Src/EXTI.o
 .debug_macro   0x0000000000000d1a      0x103 ./MyDrivers/Src/EXTI.o
 .debug_macro   0x0000000000000e1d       0x6a ./MyDrivers/Src/EXTI.o
 .debug_macro   0x0000000000000e87      0x1df ./MyDrivers/Src/EXTI.o
 .debug_macro   0x0000000000001066       0x52 ./MyDrivers/Src/EXTI.o
 .debug_macro   0x00000000000010b8       0x1e ./MyDrivers/Src/EXTI.o
 .debug_macro   0x00000000000010d6       0x3c ./MyDrivers/Src/EXTI.o
 .debug_macro   0x0000000000001112       0x34 ./MyDrivers/Src/EXTI.o
 .debug_macro   0x0000000000001146      0x174 ./MyDrivers/Src/EXTI.o
 .debug_macro   0x00000000000012ba       0x16 ./MyDrivers/Src/EXTI.o
 .debug_macro   0x00000000000012d0       0x43 ./MyDrivers/Src/EXTI.o
 .debug_macro   0x0000000000001313       0x34 ./MyDrivers/Src/EXTI.o
 .debug_macro   0x0000000000001347       0x10 ./MyDrivers/Src/EXTI.o
 .debug_macro   0x0000000000001357       0x58 ./MyDrivers/Src/EXTI.o
 .debug_macro   0x00000000000013af       0x71 ./MyDrivers/Src/EXTI.o
 .debug_macro   0x0000000000001420       0x1c ./MyDrivers/Src/EXTI.o
 .debug_macro   0x000000000000143c      0x12a ./MyDrivers/Src/EXTI.o
 .debug_macro   0x0000000000001566      0x341 ./MyDrivers/Src/EXTI.o
 .debug_macro   0x00000000000018a7       0x10 ./MyDrivers/Src/EXTI.o
 .debug_macro   0x00000000000018b7       0x35 ./MyDrivers/Src/EXTI.o
 .debug_macro   0x00000000000018ec       0x20 ./MyDrivers/Src/EXTI.o
 .debug_macro   0x000000000000190c      0x2d7 ./MyDrivers/Src/EXTI.o
 .debug_macro   0x0000000000001be3       0x6a ./MyDrivers/Src/EXTI.o
 .debug_macro   0x0000000000001c4d       0x88 ./MyDrivers/Src/EXTI.o
 .debug_macro   0x0000000000001cd5       0x9a ./MyDrivers/Src/EXTI.o
 .debug_macro   0x0000000000001d6f       0x58 ./MyDrivers/Src/EXTI.o
 .debug_macro   0x0000000000001dc7       0xb2 ./MyDrivers/Src/EXTI.o
 .debug_macro   0x0000000000001e79      0x19a ./MyDrivers/Src/GPIO.o
 .debug_macro   0x0000000000002013      0x2d7 ./MyDrivers/Src/GPIO.o
 .debug_macro   0x00000000000022ea       0x8e ./MyDrivers/Src/GPIO.o
 .debug_macro   0x0000000000002378       0xb8 ./MyDrivers/Src/GPIO.o
 .debug_macro   0x0000000000002430      0x195 ./MyDrivers/Src/I2C.o
 .debug_macro   0x00000000000025c5       0x52 ./MyDrivers/Src/I2C.o
 .debug_macro   0x0000000000002617      0x195 ./MyDrivers/Src/SPI.o
 .debug_macro   0x00000000000027ac       0x94 ./MyDrivers/Src/SPI.o
 .debug_macro   0x0000000000002840      0x198 ./Src/main.o
 .debug_macro   0x00000000000029d8       0xbe ./Src/main.o

.debug_line     0x0000000000000000     0x2353
 .debug_line    0x0000000000000000      0x6aa ./MyDrivers/Src/EXTI.o
 .debug_line    0x00000000000006aa      0x6d1 ./MyDrivers/Src/GPIO.o
 .debug_line    0x0000000000000d7b      0x60e ./MyDrivers/Src/I2C.o
 .debug_line    0x0000000000001389      0x89f ./MyDrivers/Src/SPI.o
 .debug_line    0x0000000000001c28      0x6a7 ./Src/main.o
 .debug_line    0x00000000000022cf       0x84 ./Startup/startup_stm32f429zitx.o

.debug_str      0x0000000000000000     0x9f47
 .debug_str     0x0000000000000000     0x941b ./MyDrivers/Src/EXTI.o
                                       0x9618 (size before relaxing)
 .debug_str     0x000000000000941b      0x493 ./MyDrivers/Src/GPIO.o
                                       0x9909 (size before relaxing)
 .debug_str     0x00000000000098ae      0x110 ./MyDrivers/Src/I2C.o
                                       0x958e (size before relaxing)
 .debug_str     0x00000000000099be      0x2d6 ./MyDrivers/Src/SPI.o
                                       0x97ae (size before relaxing)
 .debug_str     0x0000000000009c94      0x282 ./Src/main.o
                                       0x9e58 (size before relaxing)
 .debug_str     0x0000000000009f16       0x31 ./Startup/startup_stm32f429zitx.o
                                         0x62 (size before relaxing)

.comment        0x0000000000000000       0x50
 .comment       0x0000000000000000       0x50 ./MyDrivers/Src/EXTI.o
                                         0x51 (size before relaxing)
 .comment       0x0000000000000050       0x51 ./MyDrivers/Src/GPIO.o
 .comment       0x0000000000000050       0x51 ./MyDrivers/Src/I2C.o
 .comment       0x0000000000000050       0x51 ./MyDrivers/Src/SPI.o
 .comment       0x0000000000000050       0x51 ./Src/main.o

.debug_frame    0x0000000000000000      0x550
 .debug_frame   0x0000000000000000       0x88 ./MyDrivers/Src/EXTI.o
 .debug_frame   0x0000000000000088       0xd8 ./MyDrivers/Src/GPIO.o
 .debug_frame   0x0000000000000160       0x5c ./MyDrivers/Src/I2C.o
 .debug_frame   0x00000000000001bc      0x230 ./MyDrivers/Src/SPI.o
 .debug_frame   0x00000000000003ec      0x118 ./Src/main.o
 .debug_frame   0x0000000000000504       0x2c c:/st/stm32cubeide_1.11.0/stm32cubeide/plugins/com.st.stm32cube.ide.mcu.externaltools.gnu-tools-for-stm32.10.3-2021.10.win32_1.0.100.202210260954/tools/bin/../lib/gcc/arm-none-eabi/10.3.1/../../../../arm-none-eabi/lib/thumb/v7e-m+fp/hard\libc_nano.a(lib_a-init.o)
 .debug_frame   0x0000000000000530       0x20 c:/st/stm32cubeide_1.11.0/stm32cubeide/plugins/com.st.stm32cube.ide.mcu.externaltools.gnu-tools-for-stm32.10.3-2021.10.win32_1.0.100.202210260954/tools/bin/../lib/gcc/arm-none-eabi/10.3.1/../../../../arm-none-eabi/lib/thumb/v7e-m+fp/hard\libc_nano.a(lib_a-memset.o)
